Microchip MPLAB XC8 Compiler V1.34 ()

Linker command line:

--edf=C:\Program Files (x86)\Microchip\xc8\v1.34\dat\en_msgs.txt -cs \
  -h+dist/default/production\CelticEVB03EngMode.X.production.sym \
  --cmf=dist/default/production\CelticEVB03EngMode.X.production.cmf -z \
  -Q18LF23K22 -oC:\Users\ARUN~1.KUM\AppData\Local\Temp\s2vs.6 \
  -Mdist/default/production/CelticEVB03EngMode.X.production.map -E1 \
  -ver=XC8 -ASTACK=060h-01ffh -pstack=STACK -ACODE=00h-01FFFh \
  -ACONST=00h-01FFFh -ASMALLCONST=0200h-02FFhx30 -AMEDIUMCONST=0200h-01FFFh \
  -ACOMRAM=01h-05Fh -AABS1=00h-01FFh -ABIGRAM=01h-01FFh \
  -ARAM=060h-0FFh,0100h-01FFh -ABANK0=060h-0FFh -ABANK1=0100h-01FFh \
  -ASFR=0F38h-0F5Fh,0F60h-0FFFh \
  -preset_vec=00h,intcode,intcodelo,powerup,init,end_init -pramtop=0200h \
  -psmallconst=SMALLCONST -pmediumconst=MEDIUMCONST -pconst=CONST \
  -AFARRAM=00h-00h -ACONFIG=0300000h-030000Dh -pconfig=CONFIG \
  -AIDLOC=0200000h-0200007h -pidloc=IDLOC -AEEDATA=0F00000h-0F000FFh \
  -peeprom_data=EEDATA \
  -prdata=COMRAM,nvrram=COMRAM,nvbit=COMRAM,rbss=COMRAM,rbit=COMRAM \
  -pfarbss=FARRAM,fardata=FARRAM,nvFARRAM=FARRAM \
  -pintsave_regs=BIGRAM,bigbss=BIGRAM,bigdata=BIGRAM -pbss=RAM \
  -pidata=CODE,irdata=CODE,ibigdata=CODE,ifardata=CODE -prparam=COMRAM \
  C:\Users\ARUN~1.KUM\AppData\Local\Temp\s2vs.obj \
  dist/default/production\CelticEVB03EngMode.X.production.obj 

Object code version is 3.11

Machine type is 18LF23K22

Call graph: (short form)




                Name                               Link     Load   Length Selector   Space Scale
C:\Users\ARUN~1.KUM\AppData\Local\Temp\s2vs.obj
                end_init                              0        0        4        0       0
                idloc                            200000   200000        8   200000       0
                config                           300000   300000        E   300000       0
dist/default/production\CelticEVB03EngMode.X.production.obj
                smallconst                          200      200       CC      100       0
                text8                               57E      57E        8      166       0
                text7                               4B8      4B8       40      166       0
                text6                               40A      40A       AE      166       0
                text5                               570      570        E      166       0
                text4                               562      562        E      166       0
                text3                               554      554        E      166       0
                text2                               4F8      4F8       30      166       0
                text1                               542      542       12      166       0
                text0                               2CC      2CC      13E      166       0
                cstackCOMRAM                          9        9        6        1       1
                bssCOMRAM                             1        1        8        1       1
                cinit                               528      528       1A      166       0

TOTAL           Name                               Link     Load   Length     Space
        CLASS   STACK          

        CLASS   CODE           
                end_init                              0        0        4         0
                text8                               57E      57E        8         0
                text7                               4B8      4B8       40         0
                text6                               40A      40A       AE         0
                text5                               570      570        E         0
                text4                               562      562        E         0
                text3                               554      554        E         0
                text2                               4F8      4F8       30         0
                text1                               542      542       12         0
                text0                               2CC      2CC      13E         0
                cinit                               528      528       1A         0

        CLASS   CONST          

        CLASS   SMALLCONST     
                smallconst                          200      200       CC         0

        CLASS   MEDIUMCONST    

        CLASS   COMRAM         
                cstackCOMRAM                          9        9        6         1
                bssCOMRAM                             1        1        8         1

        CLASS   ABS1           

        CLASS   BIGRAM         

        CLASS   RAM            

        CLASS   BANK0          

        CLASS   BANK1          

        CLASS   SFR            

        CLASS   FARRAM         

        CLASS   CONFIG         
                config                           300000   300000        E         0

        CLASS   IDLOC          
                idloc                            200000   200000        8         0

        CLASS   EEDATA         



SEGMENTS        Name                           Load    Length   Top    Selector   Space  Class

                reset_vec                      000000  000004  000004         0       0  CODE    
                bssCOMRAM                      000001  00000E  00000F         1       1  COMRAM  
                smallconst                     000200  0000CC  0002CC       100       0  SMALLCON
                text0                          0002CC  0002BA  000586       166       0  CODE    
                idloc                          200000  000008  200008    200000       0  IDLOC   
                config                         300000  00000E  30000E    300000       0  CONFIG  


UNUSED ADDRESS RANGES

        Name                Unused          Largest block    Delta
        BANK0            000060-0000FF               A0
        BANK1            000100-0001FF              100
        BIGRAM           00000F-0001FF              1F1
        CODE             000004-0001FF              1FC
                         000586-001FFF             1A7A
        COMRAM           00000F-00005F               51
        CONST            000004-0001FF              1FC
                         000586-001FFF             1A7A
        EEDATA           F00000-F000FF              100
        MEDIUMCONST      000586-001FFF             1A7A
        RAM              000060-0001FF               A0
        SFR              000F38-000FFF               28
        SMALLCONST       000586-001FFF              100
        STACK            000060-0001FF              1A0

                                  Symbol Table

DAC_SetOutput@inputData                  cstackCOMRAM 000009
MIPI@a                                   cstackCOMRAM 00000E
MIPI@b                                   cstackCOMRAM 00000D
_ACTIVEBAND                              smallconst   000283
_ANSELA                                  (abs)        000F38
_ANSELB                                  (abs)        000F39
_ANSELC                                  (abs)        000F3A
_Byte1                                   bssCOMRAM    000001
_Byte2                                   bssCOMRAM    000002
_Byte3                                   bssCOMRAM    000003
_Byte4                                   bssCOMRAM    000004
_Byte5                                   bssCOMRAM    000005
_Byte6                                   bssCOMRAM    000006
_DACCON1                                 (abs)        000F40
_DAC_Initialize                          text5        000570
_DAC_SetOutput                           text8        00057E
_DAC_Step                                bssCOMRAM    000007
_DATA                                    smallconst   000201
_DacOutput                               smallconst   0002C3
_Dummy                                   bssCOMRAM    000008
_INTCON2bits                             (abs)        000FF1
_INTCONbits                              (abs)        000FF2
_INTERRUPT_ON_CHANGE_Initialize          text4        000562
_IOCBbits                                (abs)        000F62
_LATA                                    (abs)        000F89
_LATA0                                   (abs)        007C48
_LATA1                                   (abs)        007C49
_LATA3                                   (abs)        007C4B
_LATA4                                   (abs)        007C4C
_LATA5                                   (abs)        007C4D
_LATA6                                   (abs)        007C4E
_LATA7                                   (abs)        007C4F
_LATB                                    (abs)        000F8A
_LATC                                    (abs)        000F8B
_LATC0                                   (abs)        007C58
_LATC1                                   (abs)        007C59
_MIPI                                    text6        00040A
_OSCCON                                  (abs)        000FD3
_OSCCON2                                 (abs)        000FD2
_OSCILLATOR_Initialize                   text3        000554
_OSCTUNE                                 (abs)        000F9B
_PARITY                                  smallconst   000242
_PIN_MANAGER_Initialize                  text2        0004F8
_PORTC                                   (abs)        000F82
_REGADD                                  smallconst   0002C7
_SLAVEADD                                smallconst   0002C9
_SYSTEM_Initialize                       text1        000542
_TRISA                                   (abs)        000F92
_TRISB                                   (abs)        000F93
_TRISC                                   (abs)        000F94
_VREFCON1                                (abs)        000F41
_WPUB                                    (abs)        000F61
__CFG_BOREN$OFF                          (abs)        000000
__CFG_BORV$190                           (abs)        000000
__CFG_CCP2MX$PORTC1                      (abs)        000000
__CFG_CCP3MX$PORTB5                      (abs)        000000
__CFG_CP0$ON                             (abs)        000000
__CFG_CP1$ON                             (abs)        000000
__CFG_CPB$ON                             (abs)        000000
__CFG_CPD$ON                             (abs)        000000
__CFG_DEBUG$OFF                          (abs)        000000
__CFG_EBTR0$OFF                          (abs)        000000
__CFG_EBTR1$OFF                          (abs)        000000
__CFG_EBTRB$OFF                          (abs)        000000
__CFG_FCMEN$OFF                          (abs)        000000
__CFG_FOSC$INTIO67                       (abs)        000000
__CFG_HFOFST$ON                          (abs)        000000
__CFG_IESO$OFF                           (abs)        000000
__CFG_LVP$ON                             (abs)        000000
__CFG_MCLRE$EXTMCLR                      (abs)        000000
__CFG_P2BMX$PORTB5                       (abs)        000000
__CFG_PBADEN$OFF                         (abs)        000000
__CFG_PLLCFG$ON                          (abs)        000000
__CFG_PRICLKEN$ON                        (abs)        000000
__CFG_PWRTEN$OFF                         (abs)        000000
__CFG_STVREN$OFF                         (abs)        000000
__CFG_T3CMX$PORTC0                       (abs)        000000
__CFG_WDTEN$OFF                          (abs)        000000
__CFG_WDTPS$32768                        (abs)        000000
__CFG_WRT0$OFF                           (abs)        000000
__CFG_WRT1$OFF                           (abs)        000000
__CFG_WRTB$OFF                           (abs)        000000
__CFG_WRTC$OFF                           (abs)        000000
__CFG_WRTD$OFF                           (abs)        000000
__CFG_XINST$OFF                          (abs)        000000
__HRAM                                   (abs)        000000
__Habs1                                  abs1         000000
__Hbank0                                 bank0        000000
__Hbank1                                 bank1        000000
__Hbigbss                                bigbss       000000
__Hbigdata                               bigdata      000000
__Hbigram                                bigram       000000
__Hbss                                   bss          000000
__HbssCOMRAM                             bssCOMRAM    000000
__Hcinit                                 cinit        000000
__Hclrtext                               clrtext      000000
__Hcomram                                comram       000000
__Hconfig                                config       30000E
__Hconst                                 const        000000
__HcstackCOMRAM                          cstackCOMRAM 000000
__Hdata                                  data         000000
__Heeprom_data                           eeprom_data  000000
__Hend_init                              end_init     000004
__Hfarbss                                farbss       000000
__Hfardata                               fardata      000000
__Hibigdata                              ibigdata     000000
__Hidata                                 idata        000000
__Hidloc                                 idloc        200008
__Hifardata                              ifardata     000000
__Hinit                                  init         000000
__Hintcode                               intcode      000000
__Hintcode_body                          intcode_body 000000
__Hintcodelo                             intcodelo    000000
__Hintentry                              intentry     000000
__Hintret                                intret       000000
__Hintsave_regs                          intsave_regs 000000
__Hirdata                                irdata       000000
__Hmediumconst                           mediumconst  000000
__HnvFARRAM                              nvFARRAM     000000
__Hnvbit                                 nvbit        000000
__Hnvrram                                nvrram       000000
__Hparam                                 rparam       000000
__Hpowerup                               powerup      000000
__Hram                                   ram          000000
__Hramtop                                ramtop       000200
__Hrbit                                  rbit         000000
__Hrbss                                  rbss         000000
__Hrdata                                 rdata        000000
__Hreset_vec                             reset_vec    000000
__Hrparam                                rparam       000000
__Hsfr                                   sfr          000000
__Hsmallconst                            smallconst   0002CC
__Hspace_0                               (abs)        30000E
__Hspace_1                               (abs)        00000F
__Hspace_2                               (abs)        000000
__Hstack                                 stack        000000
__Hstruct                                struct       000000
__Htemp                                  temp         000000
__Htext                                  text         000000
__Htext0                                 text0        000000
__Htext1                                 text1        000000
__Htext2                                 text2        000000
__Htext3                                 text3        000000
__Htext4                                 text4        000000
__Htext5                                 text5        000000
__Htext6                                 text6        000000
__Htext7                                 text7        000000
__Htext8                                 text8        000000
__LRAM                                   (abs)        000001
__Labs1                                  abs1         000000
__Lbank0                                 bank0        000000
__Lbank1                                 bank1        000000
__Lbigbss                                bigbss       000000
__Lbigdata                               bigdata      000000
__Lbigram                                bigram       000000
__Lbss                                   bss          000000
__LbssCOMRAM                             bssCOMRAM    000000
__Lcinit                                 cinit        000000
__Lclrtext                               clrtext      000000
__Lcomram                                comram       000000
__Lconfig                                config       300000
__Lconst                                 const        000000
__LcstackCOMRAM                          cstackCOMRAM 000000
__Ldata                                  data         000000
__Leeprom_data                           eeprom_data  000000
__Lend_init                              end_init     000000
__Lfarbss                                farbss       000000
__Lfardata                               fardata      000000
__Libigdata                              ibigdata     000000
__Lidata                                 idata        000000
__Lidloc                                 idloc        200000
__Lifardata                              ifardata     000000
__Linit                                  init         000000
__Lintcode                               intcode      000000
__Lintcode_body                          intcode_body 000000
__Lintcodelo                             intcodelo    000000
__Lintentry                              intentry     000000
__Lintret                                intret       000000
__Lintsave_regs                          intsave_regs 000000
__Lirdata                                irdata       000000
__Lmediumconst                           mediumconst  000000
__LnvFARRAM                              nvFARRAM     000000
__Lnvbit                                 nvbit        000000
__Lnvrram                                nvrram       000000
__Lparam                                 rparam       000000
__Lpowerup                               powerup      000000
__Lram                                   ram          000000
__Lramtop                                ramtop       000200
__Lrbit                                  rbit         000000
__Lrbss                                  rbss         000000
__Lrdata                                 rdata        000000
__Lreset_vec                             reset_vec    000000
__Lrparam                                rparam       000000
__Lsfr                                   sfr          000000
__Lsmallconst                            smallconst   000200
__Lspace_0                               (abs)        000000
__Lspace_1                               (abs)        000000
__Lspace_2                               (abs)        000000
__Lstack                                 stack        000000
__Lstruct                                struct       000000
__Ltemp                                  temp         000000
__Ltext                                  text         000000
__Ltext0                                 text0        000000
__Ltext1                                 text1        000000
__Ltext2                                 text2        000000
__Ltext3                                 text3        000000
__Ltext4                                 text4        000000
__Ltext5                                 text5        000000
__Ltext6                                 text6        000000
__Ltext7                                 text7        000000
__Ltext8                                 text8        000000
__S0                                     (abs)        30000E
__S1                                     (abs)        00000F
__S2                                     (abs)        000000
___inthi_sp                              stack        000000
___intlo_sp                              stack        000000
___param_bank                            (abs)        000010
___rparam_used                           (abs)        000001
___sp                                    stack        000000
__accesstop                              (abs)        000060
__activetblptr                           (abs)        000001
__end_of_ACTIVEBAND                      smallconst   0002C3
__end_of_DAC_Initialize                  text5        00057E
__end_of_DAC_SetOutput                   text8        000586
__end_of_DATA                            smallconst   000242
__end_of_DacOutput                       smallconst   0002C7
__end_of_INTERRUPT_ON_CHANGE_Initialize  text4        000570
__end_of_MIPI                            text6        0004B8
__end_of_OSCILLATOR_Initialize           text3        000562
__end_of_PARITY                          smallconst   000283
__end_of_PIN_MANAGER_Initialize          text2        000528
__end_of_REGADD                          smallconst   0002C9
__end_of_SLAVEADD                        smallconst   0002CB
__end_of_SYSTEM_Initialize               text1        000554
__end_of__initialization                 cinit        000534
__end_of_main                            text0        00040A
__end_of_shiftRegister                   text7        0004F8
__initialization                         cinit        000528
__mediumconst                            mediumconst  000000
__pbssCOMRAM                             bssCOMRAM    000001
__pcinit                                 cinit        000528
__pcstackCOMRAM                          cstackCOMRAM 000009
__psmallconst                            smallconst   000200
__ptext0                                 text0        0002CC
__ptext1                                 text1        000542
__ptext2                                 text2        0004F8
__ptext3                                 text3        000554
__ptext4                                 text4        000562
__ptext5                                 text5        000570
__ptext6                                 text6        00040A
__ptext7                                 text7        0004B8
__ptext8                                 text8        00057E
__ramtop                                 ramtop       000200
__size_of_DAC_Initialize                 (abs)        000000
__size_of_DAC_SetOutput                  (abs)        000000
__size_of_INTERRUPT_ON_CHANGE_Initialize (abs)        000000
__size_of_MIPI                           (abs)        000000
__size_of_OSCILLATOR_Initialize          (abs)        000000
__size_of_PIN_MANAGER_Initialize         (abs)        000000
__size_of_SYSTEM_Initialize              (abs)        000000
__size_of_main                           (abs)        000000
__size_of_shiftRegister                  (abs)        000000
__smallconst                             smallconst   000200
_main                                    text0        0002CC
_shiftRegister                           text7        0004B8
end_of_initialization                    cinit        000534
intlevel0                                text         000000
intlevel1                                text         000000
intlevel2                                text         000000
intlevel3                                text         000000
shiftRegister@Dummy1                     cstackCOMRAM 00000C
shiftRegister@Dummy2                     cstackCOMRAM 000009
shiftRegister@m                          cstackCOMRAM 00000B
shiftRegister@y                          cstackCOMRAM 00000A
stackhi                                  (abs)        0001FF
stacklo                                  (abs)        000060
start                                    init         000000
start_initialization                     cinit        000528


FUNCTION INFORMATION:

 *************** function _main *****************
 Defined at:
		line 114 in file "main.c"
 Parameters:    Size  Location     Type
		None
 Auto vars:     Size  Location     Type
		None
 Return value:  Size  Location     Type
		None               void
 Registers used:
		wreg, status,2, status,0, tblptrl, tblptrh, tblptru, prodl, prodh, cstack
 Tracked objects:
		On entry : 
		On exit  : 
		Unchanged: 
 Data sizes:     COMRAM   BANK0   BANK1
      Params:         0       0       0
      Locals:         0       0       0
      Temps:          0       0       0
      Totals:         0       0       0
Total ram usage:        0 bytes
 Hardware stack levels required when called:    2
 This function calls:
		_DAC_SetOutput
		_MIPI
		_SYSTEM_Initialize
 This function is called by:
		Startup code after reset
 This function uses a non-reentrant model


 *************** function _SYSTEM_Initialize *****************
 Defined at:
		line 106 in file "mcc_generated_files/mcc.c"
 Parameters:    Size  Location     Type
		None
 Auto vars:     Size  Location     Type
		None
 Return value:  Size  Location     Type
		None               void
 Registers used:
		wreg, status,2, cstack
 Tracked objects:
		On entry : 
		On exit  : 
		Unchanged: 
 Data sizes:     COMRAM   BANK0   BANK1
      Params:         0       0       0
      Locals:         0       0       0
      Temps:          0       0       0
      Totals:         0       0       0
Total ram usage:        0 bytes
 Hardware stack levels used:    1
 Hardware stack levels required when called:    1
 This function calls:
		_DAC_Initialize
		_INTERRUPT_ON_CHANGE_Initialize
		_OSCILLATOR_Initialize
		_PIN_MANAGER_Initialize
 This function is called by:
		_main
 This function uses a non-reentrant model


 *************** function _PIN_MANAGER_Initialize *****************
 Defined at:
		line 50 in file "mcc_generated_files/pin_manager.c"
 Parameters:    Size  Location     Type
		None
 Auto vars:     Size  Location     Type
		None
 Return value:  Size  Location     Type
		None               void
 Registers used:
		wreg, status,2
 Tracked objects:
		On entry : 
		On exit  : 
		Unchanged: 
 Data sizes:     COMRAM   BANK0   BANK1
      Params:         0       0       0
      Locals:         0       0       0
      Temps:          0       0       0
      Totals:         0       0       0
Total ram usage:        0 bytes
 Hardware stack levels used:    1
 This function calls:
		Nothing
 This function is called by:
		_SYSTEM_Initialize
 This function uses a non-reentrant model


 *************** function _OSCILLATOR_Initialize *****************
 Defined at:
		line 113 in file "mcc_generated_files/mcc.c"
 Parameters:    Size  Location     Type
		None
 Auto vars:     Size  Location     Type
		None
 Return value:  Size  Location     Type
		None               void
 Registers used:
		wreg, status,2
 Tracked objects:
		On entry : 
		On exit  : 
		Unchanged: 
 Data sizes:     COMRAM   BANK0   BANK1
      Params:         0       0       0
      Locals:         0       0       0
      Temps:          0       0       0
      Totals:         0       0       0
Total ram usage:        0 bytes
 Hardware stack levels used:    1
 This function calls:
		Nothing
 This function is called by:
		_SYSTEM_Initialize
 This function uses a non-reentrant model


 *************** function _INTERRUPT_ON_CHANGE_Initialize *****************
 Defined at:
		line 124 in file "mcc_generated_files/mcc.c"
 Parameters:    Size  Location     Type
		None
 Auto vars:     Size  Location     Type
		None
 Return value:  Size  Location     Type
		None               void
 Registers used:
		None
 Tracked objects:
		On entry : 
		On exit  : 
		Unchanged: 
 Data sizes:     COMRAM   BANK0   BANK1
      Params:         0       0       0
      Locals:         0       0       0
      Temps:          0       0       0
      Totals:         0       0       0
Total ram usage:        0 bytes
 Hardware stack levels used:    1
 This function calls:
		Nothing
 This function is called by:
		_SYSTEM_Initialize
 This function uses a non-reentrant model


 *************** function _DAC_Initialize *****************
 Defined at:
		line 57 in file "mcc_generated_files/dac.c"
 Parameters:    Size  Location     Type
		None
 Auto vars:     Size  Location     Type
		None
 Return value:  Size  Location     Type
		None               void
 Registers used:
		wreg, status,2
 Tracked objects:
		On entry : 
		On exit  : 
		Unchanged: 
 Data sizes:     COMRAM   BANK0   BANK1
      Params:         0       0       0
      Locals:         0       0       0
      Temps:          0       0       0
      Totals:         0       0       0
Total ram usage:        0 bytes
 Hardware stack levels used:    1
 This function calls:
		Nothing
 This function is called by:
		_SYSTEM_Initialize
 This function uses a non-reentrant model


 *************** function _MIPI *****************
 Defined at:
		line 95 in file "main.c"
 Parameters:    Size  Location     Type
  a               1    wreg     unsigned char 
  b               1    4[COMRAM] unsigned char 
 Auto vars:     Size  Location     Type
  a               1    5[COMRAM] unsigned char 
 Return value:  Size  Location     Type
		None               void
 Registers used:
		wreg, status,2, status,0, tblptrl, tblptrh, tblptru, prodl, prodh, cstack
 Tracked objects:
		On entry : 
		On exit  : 
		Unchanged: 
 Data sizes:     COMRAM   BANK0   BANK1
      Params:         1       0       0
      Locals:         1       0       0
      Temps:          0       0       0
      Totals:         2       0       0
Total ram usage:        2 bytes
 Hardware stack levels used:    1
 Hardware stack levels required when called:    1
 This function calls:
		_shiftRegister
 This function is called by:
		_main
 This function uses a non-reentrant model


 *************** function _shiftRegister *****************
 Defined at:
		line 80 in file "main.c"
 Parameters:    Size  Location     Type
  Dummy1          1    wreg     unsigned char 
  Dummy2          1    0[COMRAM] unsigned char 
  y               1    1[COMRAM] unsigned char 
 Auto vars:     Size  Location     Type
  Dummy1          1    3[COMRAM] unsigned char 
  m               1    2[COMRAM] unsigned char 
 Return value:  Size  Location     Type
		None               void
 Registers used:
		wreg, status,2, status,0
 Tracked objects:
		On entry : 
		On exit  : 
		Unchanged: 
 Data sizes:     COMRAM   BANK0   BANK1
      Params:         2       0       0
      Locals:         2       0       0
      Temps:          0       0       0
      Totals:         4       0       0
Total ram usage:        4 bytes
 Hardware stack levels used:    1
 This function calls:
		Nothing
 This function is called by:
		_MIPI
 This function uses a non-reentrant model


 *************** function _DAC_SetOutput *****************
 Defined at:
		line 64 in file "mcc_generated_files/dac.c"
 Parameters:    Size  Location     Type
  inputData       1    wreg     unsigned char 
 Auto vars:     Size  Location     Type
  inputData       1    0[COMRAM] unsigned char 
 Return value:  Size  Location     Type
		None               void
 Registers used:
		wreg
 Tracked objects:
		On entry : 
		On exit  : 
		Unchanged: 
 Data sizes:     COMRAM   BANK0   BANK1
      Params:         0       0       0
      Locals:         1       0       0
      Temps:          0       0       0
      Totals:         1       0       0
Total ram usage:        1 bytes
 Hardware stack levels used:    1
 This function calls:
		Nothing
 This function is called by:
		_main
 This function uses a non-reentrant model



MODULE INFORMATION

Module		Function		Class		Link	Load	Size
mcc_generated_files/pin_manager.c
		_PIN_MANAGER_In		CODE           	04F8	0000	49

mcc_generated_files/pin_manager.c estimated size: 49

shared
		_DacOutput     		SMALLCONST     	02C3	0000	5
		_ACTIVEBAND    		SMALLCONST     	0283	0000	65
		_REGADD        		SMALLCONST     	02C7	0000	3
		_PARITY        		SMALLCONST     	0242	0000	66
		_DATA          		SMALLCONST     	0201	0000	66
		__initializatio		CODE           	0528	0000	13
		_SLAVEADD      		SMALLCONST     	02C9	0000	3

shared estimated size: 221

mcc_generated_files/mcc.c
		_INTERRUPT_ON_C		CODE           	0562	0000	15
		_OSCILLATOR_Ini		CODE           	0554	0000	15
		_SYSTEM_Initial		CODE           	0542	0000	19

mcc_generated_files/mcc.c estimated size: 49

mcc_generated_files/dac.c
		_DAC_Initialize		CODE           	0570	0000	15
		_DAC_SetOutput 		CODE           	057E	0000	9

mcc_generated_files/dac.c estimated size: 24

main.c
		_MIPI          		CODE           	040A	0000	175
		_main          		CODE           	02CC	0000	319
		_shiftRegister 		CODE           	04B8	0000	65

main.c estimated size: 559

