Microchip MPLAB XC8 Compiler V1.35 ()

Linker command line:

--edf=C:\Program Files (x86)\Microchip\xc8\v1.35\dat\en_msgs.txt -cs \
  -h+dist/default/production\LenovoEVB02EngMode_2.X.production.sym \
  --cmf=dist/default/production\LenovoEVB02EngMode_2.X.production.cmf -z \
  -Q16LF1618 -oC:\Users\ARUN~1.KUM\AppData\Local\Temp\sf5k.2 \
  -Mdist/default/production/LenovoEVB02EngMode_2.X.production.map -E1 \
  -ver=XC8 -ASTACK=02000h-021efh -pstack=STACK -ACODE=00h-07FFhx2 \
  -ASTRCODE=00h-0FFFh -ASTRING=00h-0FFhx16 -ACONST=00h-0FFhx16 \
  -AENTRY=00h-0FFhx16 -ACOMMON=070h-07Fh -ABANK0=020h-06Fh \
  -ABANK1=0A0h-0EFh -ABANK2=0120h-016Fh -ABANK3=01A0h-01EFh \
  -ABANK4=0220h-026Fh -ABANK5=02A0h-02EFh -ABANK6=0320h-032Fh \
  -ABIGRAM=02000h-021EFh \
  -ARAM=020h-06Fh,0A0h-0EFh,0120h-016Fh,01A0h-01EFh,0220h-026Fh,02A0h-02EFh,0320h-032Fh \
  -AABS1=020h-07Fh,0A0h-0EFh,0120h-016Fh,01A0h-01EFh,0220h-026Fh,02A0h-02EFh,0320h-032Fh \
  -ASFR0=00h-01Fh -ASFR1=080h-09Fh -ASFR2=0100h-011Fh -ASFR3=0180h-019Fh \
  -ASFR4=0200h-021Fh -ASFR5=0280h-029Fh -ASFR6=0300h-031Fh \
  -ASFR7=0380h-03EFh -ASFR8=0400h-046Fh -ASFR9=0480h-04EFh \
  -ASFR10=0500h-056Fh -ASFR11=0580h-05EFh -ASFR12=0600h-066Fh \
  -ASFR13=0680h-06EFh -ASFR14=0700h-076Fh -ASFR15=0780h-07EFh \
  -ASFR16=0800h-086Fh -ASFR17=0880h-08EFh -ASFR18=0900h-096Fh \
  -ASFR19=0980h-09EFh -ASFR20=0A00h-0A6Fh -ASFR21=0A80h-0AEFh \
  -ASFR22=0B00h-0B6Fh -ASFR23=0B80h-0BEFh -ASFR24=0C00h-0C6Fh \
  -ASFR25=0C80h-0CEFh -ASFR26=0D00h-0D6Fh -ASFR27=0D80h-0DEFh \
  -ASFR28=0E00h-0E6Fh -ASFR29=0E80h-0EEFh -ASFR30=0F00h-0F6Fh \
  -ASFR31=0F80h-0FEFh -preset_vec=00h,intentry,init,end_init -ppowerup=CODE \
  -pcinit=CODE -pfunctab=CODE -ACONFIG=08007h-08009h -pconfig=CONFIG \
  -DCONFIG=2 -AIDLOC=08000h-08003h -pidloc=IDLOC -DIDLOC=2 -DCODE=2 \
  -DSTRCODE=2 -DSTRING=2 -DCONST=2 -DENTRY=2 -k \
  C:\Users\ARUN~1.KUM\AppData\Local\Temp\sf5k.obj \
  dist/default/production\LenovoEVB02EngMode_2.X.production.obj 

Object code version is 3.11

Machine type is 16LF1618



                Name                               Link     Load   Length Selector   Space Scale
C:\Users\ARUN~1.KUM\AppData\Local\Temp\sf5k.obj
                end_init                              2        2        2        0       0
                reset_vec                             0        0        2        0       0
                config                             8007     8007        3    1000E       0
dist/default/production\LenovoEVB02EngMode_2.X.production.obj
                cinit                               7F4      7F4        C      FE8       0
                text8                               6E8      6E8        9      DD0       0
                text7                               725      725       34      E4A       0
                text6                               6D0      6D0        5      DA0       0
                text5                               6E1      6E1        7      DC2       0
                text4                               6D5      6D5        6      DAA       0
                text3                               700      700       25      E00       0
                text2                               6DB      6DB        6      DB6       0
                text1                               6F1      6F1        F      DE2       0
                maintext                            759      759       9B      EB2       0
                cstackCOMMON                         79       79        4       70       1
                bssCOMMON                            70       70        9       70       1
                stringtext                          800      800      18F     1000       0

TOTAL           Name                               Link     Load   Length     Space
        CLASS   STACK          

        CLASS   CODE           
                end_init                              2        2        2         0
                cinit                               7F4      7F4        C         0
                reset_vec                             0        0        2         0
                text8                               6E8      6E8        9         0
                text7                               725      725       34         0
                text6                               6D0      6D0        5         0
                text5                               6E1      6E1        7         0
                text4                               6D5      6D5        6         0
                text3                               700      700       25         0
                text2                               6DB      6DB        6         0
                text1                               6F1      6F1        F         0
                maintext                            759      759       9B         0

        CLASS   STRCODE        
                stringtext                          800      800      18F         0

        CLASS   STRING         

        CLASS   CONST          

        CLASS   ENTRY          

        CLASS   COMMON         
                cstackCOMMON                         79       79        4         1
                bssCOMMON                            70       70        9         1

        CLASS   BANK0          

        CLASS   BANK1          

        CLASS   BANK2          

        CLASS   BANK3          

        CLASS   BANK4          

        CLASS   BANK5          

        CLASS   BANK6          

        CLASS   BIGRAM         

        CLASS   RAM            

        CLASS   ABS1           
                abs_s1                               7E       7E        2         1

        CLASS   SFR0           

        CLASS   SFR1           

        CLASS   SFR2           

        CLASS   SFR3           

        CLASS   SFR4           

        CLASS   SFR5           

        CLASS   SFR6           

        CLASS   SFR7           

        CLASS   SFR8           

        CLASS   SFR9           

        CLASS   SFR10          

        CLASS   SFR11          

        CLASS   SFR12          

        CLASS   SFR13          

        CLASS   SFR14          

        CLASS   SFR15          

        CLASS   SFR16          

        CLASS   SFR17          

        CLASS   SFR18          

        CLASS   SFR19          

        CLASS   SFR20          

        CLASS   SFR21          

        CLASS   SFR22          

        CLASS   SFR23          

        CLASS   SFR24          

        CLASS   SFR25          

        CLASS   SFR26          

        CLASS   SFR27          

        CLASS   SFR28          

        CLASS   SFR29          

        CLASS   SFR30          

        CLASS   SFR31          

        CLASS   CONFIG         
                config                             8007     8007        3         0

        CLASS   IDLOC          

        CLASS   BANK31         

        CLASS   BANK30         

        CLASS   BANK29         

        CLASS   BANK28         

        CLASS   BANK27         

        CLASS   BANK26         

        CLASS   BANK25         

        CLASS   BANK24         

        CLASS   BANK23         

        CLASS   BANK22         

        CLASS   BANK21         

        CLASS   BANK20         

        CLASS   BANK19         

        CLASS   BANK18         

        CLASS   BANK17         

        CLASS   BANK16         

        CLASS   BANK15         

        CLASS   BANK14         

        CLASS   BANK13         

        CLASS   BANK12         

        CLASS   BANK11         

        CLASS   BANK10         

        CLASS   BANK9          

        CLASS   BANK8          

        CLASS   BANK7          

        CLASS   EEDATA         



SEGMENTS        Name                           Load    Length   Top    Selector   Space  Class     Delta

                reset_vec                      000000  000004  000004         0       0  CODE        2
                bssCOMMON                      000070  00000D  00007D        70       1  COMMON      1
                text6                          0006D0  000005  0006D5       DA0       0  CODE        2
                text4                          0006D5  000006  0006DB       DAA       0  CODE        2
                text2                          0006DB  000006  0006E1       DB6       0  CODE        2
                text5                          0006E1  000007  0006E8       DC2       0  CODE        2
                text8                          0006E8  000009  0006F1       DD0       0  CODE        2
                text1                          0006F1  00000F  000700       DE2       0  CODE        2
                text3                          000700  000025  000725       E00       0  CODE        2
                text7                          000725  000034  000759       E4A       0  CODE        2
                maintext                       000759  00009B  0007F4       EB2       0  CODE        2
                cinit                          0007F4  00000C  000800       FE8       0  CODE        2
                stringtext                     000800  00018F  00098F      1000       0  STRCODE     2
                config                         008007  000003  00800A     1000E       0  CONFIG      2


UNUSED ADDRESS RANGES

        Name                Unused          Largest block    Delta
        BANK0            00020-0006F              50           1
        BANK1            000A0-000EF              50           1
        BANK2            00120-0016F              50           1
        BANK3            001A0-001EF              50           1
        BANK4            00220-0026F              50           1
        BANK5            002A0-002EF              50           1
        BANK6            00320-0032F              10           1
        BIGRAM           02000-021EF             1F0           1
        CODE             00004-006CF             6CC           2
                         0098F-00FFF             671
        COMMON           0007D-0007D               1           1
        CONST            00004-006CF             100           2
                         0098F-00FFF             100
        ENTRY            00004-006CF             100           2
                         0098F-00FFF             100
        IDLOC            08000-08003               4           2
        RAM              00020-0006F              50           1
                         000A0-000EF              50
                         00120-0016F              50
                         001A0-001EF              50
                         00220-0026F              50
                         002A0-002EF              50
                         00320-0032F              10
        SFR0             00000-0001F              20           1
        SFR1             00080-0009F              20           1
        SFR10            00500-0056F              70           1
        SFR11            00580-005EF              70           1
        SFR12            00600-0066F              70           1
        SFR13            00680-006EF              70           1
        SFR14            00700-0076F              70           1
        SFR15            00780-007EF              70           1
        SFR16            00800-0086F              70           1
        SFR17            00880-008EF              70           1
        SFR18            00900-0096F              70           1
        SFR19            00980-009EF              70           1
        SFR2             00100-0011F              20           1
        SFR20            00A00-00A6F              70           1
        SFR21            00A80-00AEF              70           1
        SFR22            00B00-00B6F              70           1
        SFR23            00B80-00BEF              70           1
        SFR24            00C00-00C6F              70           1
        SFR25            00C80-00CEF              70           1
        SFR26            00D00-00D6F              70           1
        SFR27            00D80-00DEF              70           1
        SFR28            00E00-00E6F              70           1
        SFR29            00E80-00EEF              70           1
        SFR3             00180-0019F              20           1
        SFR30            00F00-00F6F              70           1
        SFR31            00F80-00FEF              70           1
        SFR4             00200-0021F              20           1
        SFR5             00280-0029F              20           1
        SFR6             00300-0031F              20           1
        SFR7             00380-003EF              70           1
        SFR8             00400-0046F              70           1
        SFR9             00480-004EF              70           1
        STACK            02000-021EF             1F0           1
        STRCODE          00004-006CF             6CC           2
                         0098F-00FFF             671
        STRING           00004-006CF             100           2
                         0098F-00FFF             100

                                  Symbol Table

MIPISPI1@a                               cstackCOMMON 0007A
SPI_Exchange8bit@data                    cstackCOMMON 00079
_ADDRESSDATA1                            stringtext   00800
_ADDRESSDATA2                            stringtext   00841
_ANSELA                                  (abs)        0018C
_ANSELB                                  (abs)        0018D
_ANSELC                                  (abs)        0018E
_Byte1                                   bssCOMMON    00070
_Byte2                                   bssCOMMON    00071
_Byte3                                   bssCOMMON    00072
_Byte4                                   bssCOMMON    00073
_Byte5                                   bssCOMMON    00074
_DAC1CON0                                (abs)        00118
_DAC1CON1                                (abs)        00119
_DAC1_Initialize                         text6        006D0
_DATABUSPARK                             stringtext   008C3
_INTCONbits                              (abs)        0000B
_INTERRUPT_ON_CHANGE_Initialize          text5        006E1
_IOCCFbits                               (abs)        00399
_IOCCP                                   (abs)        00397
_LATA                                    (abs)        0010C
_LATA1                                   (abs)        00861
_LATA4                                   (abs)        00864
_LATA5                                   (abs)        00865
_LATB                                    (abs)        0010D
_LATB4                                   (abs)        0086C
_LATB5                                   (abs)        0086D
_LATB6                                   (abs)        0086E
_LATC                                    (abs)        0010E
_MIPISPI1                                text7        00725
_OPTION_REGbits                          (abs)        00095
_OSCCON                                  (abs)        00099
_OSCILLATOR_Initialize                   text4        006D5
_OSCSTAT                                 (abs)        0009A
_OSCTUNE                                 (abs)        00098
_PIN_MANAGER_Initialize                  text3        00700
_PORTC                                   (abs)        0000E
_RB6PPS                                  (abs)        00E9E
_RB7PPS                                  (abs)        00E9F
_SLAVEWRITEADD                           stringtext   0098D
_SPI_Exchange8bit                        text8        006E8
_SPI_Initialize                          text2        006DB
_SSP1ADD                                 (abs)        00212
_SSP1CON1                                (abs)        00215
_SSP1CON1bits                            (abs)        00215
_SSP1STAT                                (abs)        00214
_SSP1STATbits                            (abs)        00214
_SSPBUF                                  (abs)        00211
_SSPCLKPPS                               (abs)        00E20
_SYSTEM_Initialize                       text1        006F1
_TRISA                                   (abs)        0008C
_TRISB                                   (abs)        0008D
_TRISC                                   (abs)        0008E
_WPUB                                    (abs)        0020D
_WPUC                                    (abs)        0020E
__CFG_BOREN$OFF                          (abs)        00000
__CFG_BORV$LO                            (abs)        00000
__CFG_CLKOUTEN$OFF                       (abs)        00000
__CFG_CP$OFF                             (abs)        00000
__CFG_FOSC$INTOSC                        (abs)        00000
__CFG_LPBOR$OFF                          (abs)        00000
__CFG_LVP$ON                             (abs)        00000
__CFG_MCLRE$OFF                          (abs)        00000
__CFG_PLLEN$ON                           (abs)        00000
__CFG_PPS1WAY$OFF                        (abs)        00000
__CFG_PWRTE$ON                           (abs)        00000
__CFG_STVREN$ON                          (abs)        00000
__CFG_WDTCCS$SWC                         (abs)        00000
__CFG_WDTCPS$WDTCPS1F                    (abs)        00000
__CFG_WDTCWS$WDTCWSSW                    (abs)        00000
__CFG_WDTE$OFF                           (abs)        00000
__CFG_WRT$OFF                            (abs)        00000
__CFG_ZCD$OFF                            (abs)        00000
__Habs1                                  abs1         00000
__Hbank0                                 bank0        00000
__Hbank1                                 bank1        00000
__Hbank10                                bank10       00000
__Hbank11                                bank11       00000
__Hbank12                                bank12       00000
__Hbank13                                bank13       00000
__Hbank14                                bank14       00000
__Hbank15                                bank15       00000
__Hbank16                                bank16       00000
__Hbank17                                bank17       00000
__Hbank18                                bank18       00000
__Hbank19                                bank19       00000
__Hbank2                                 bank2        00000
__Hbank20                                bank20       00000
__Hbank21                                bank21       00000
__Hbank22                                bank22       00000
__Hbank23                                bank23       00000
__Hbank24                                bank24       00000
__Hbank25                                bank25       00000
__Hbank26                                bank26       00000
__Hbank27                                bank27       00000
__Hbank28                                bank28       00000
__Hbank29                                bank29       00000
__Hbank3                                 bank3        00000
__Hbank30                                bank30       00000
__Hbank31                                bank31       00000
__Hbank4                                 bank4        00000
__Hbank5                                 bank5        00000
__Hbank6                                 bank6        00000
__Hbank7                                 bank7        00000
__Hbank8                                 bank8        00000
__Hbank9                                 bank9        00000
__Hbigram                                bigram       00000
__HbssCOMMON                             bssCOMMON    00000
__Hcinit                                 cinit        00800
__Hclrtext                               clrtext      00000
__Hcode                                  code         00000
__Hcommon                                common       00000
__Hconfig                                config       0800A
__HcstackCOMMON                          cstackCOMMON 00000
__Heeprom_data                           eeprom_data  00000
__Hend_init                              end_init     00004
__Hfunctab                               functab      00000
__Hidloc                                 idloc        00000
__Hinit                                  init         00002
__Hintentry                              intentry     00002
__Hmaintext                              maintext     00000
__Hpowerup                               powerup      00000
__Hram                                   ram          00000
__Hreset_vec                             reset_vec    00002
__Hsfr0                                  sfr0         00000
__Hsfr1                                  sfr1         00000
__Hsfr10                                 sfr10        00000
__Hsfr11                                 sfr11        00000
__Hsfr12                                 sfr12        00000
__Hsfr13                                 sfr13        00000
__Hsfr14                                 sfr14        00000
__Hsfr15                                 sfr15        00000
__Hsfr16                                 sfr16        00000
__Hsfr17                                 sfr17        00000
__Hsfr18                                 sfr18        00000
__Hsfr19                                 sfr19        00000
__Hsfr2                                  sfr2         00000
__Hsfr20                                 sfr20        00000
__Hsfr21                                 sfr21        00000
__Hsfr22                                 sfr22        00000
__Hsfr23                                 sfr23        00000
__Hsfr24                                 sfr24        00000
__Hsfr25                                 sfr25        00000
__Hsfr26                                 sfr26        00000
__Hsfr27                                 sfr27        00000
__Hsfr28                                 sfr28        00000
__Hsfr29                                 sfr29        00000
__Hsfr3                                  sfr3         00000
__Hsfr30                                 sfr30        00000
__Hsfr31                                 sfr31        00000
__Hsfr4                                  sfr4         00000
__Hsfr5                                  sfr5         00000
__Hsfr6                                  sfr6         00000
__Hsfr7                                  sfr7         00000
__Hsfr8                                  sfr8         00000
__Hsfr9                                  sfr9         00000
__Hspace_0                               (abs)        0800A
__Hspace_1                               (abs)        0007D
__Hspace_2                               (abs)        00000
__Hspace_3                               (abs)        00000
__Hstack                                 stack        00000
__Hstrings                               strings      00000
__Hstringtext                            stringtext   00000
__Htext                                  text         00000
__Labs1                                  abs1         00000
__Lbank0                                 bank0        00000
__Lbank1                                 bank1        00000
__Lbank10                                bank10       00000
__Lbank11                                bank11       00000
__Lbank12                                bank12       00000
__Lbank13                                bank13       00000
__Lbank14                                bank14       00000
__Lbank15                                bank15       00000
__Lbank16                                bank16       00000
__Lbank17                                bank17       00000
__Lbank18                                bank18       00000
__Lbank19                                bank19       00000
__Lbank2                                 bank2        00000
__Lbank20                                bank20       00000
__Lbank21                                bank21       00000
__Lbank22                                bank22       00000
__Lbank23                                bank23       00000
__Lbank24                                bank24       00000
__Lbank25                                bank25       00000
__Lbank26                                bank26       00000
__Lbank27                                bank27       00000
__Lbank28                                bank28       00000
__Lbank29                                bank29       00000
__Lbank3                                 bank3        00000
__Lbank30                                bank30       00000
__Lbank31                                bank31       00000
__Lbank4                                 bank4        00000
__Lbank5                                 bank5        00000
__Lbank6                                 bank6        00000
__Lbank7                                 bank7        00000
__Lbank8                                 bank8        00000
__Lbank9                                 bank9        00000
__Lbigram                                bigram       00000
__LbssCOMMON                             bssCOMMON    00000
__Lcinit                                 cinit        007F4
__Lclrtext                               clrtext      00000
__Lcode                                  code         00000
__Lcommon                                common       00000
__Lconfig                                config       08007
__LcstackCOMMON                          cstackCOMMON 00000
__Leeprom_data                           eeprom_data  00000
__Lend_init                              end_init     00002
__Lfunctab                               functab      00000
__Lidloc                                 idloc        00000
__Linit                                  init         00002
__Lintentry                              intentry     00002
__Lmaintext                              maintext     00000
__Lpowerup                               powerup      00000
__Lram                                   ram          00000
__Lreset_vec                             reset_vec    00000
__Lsfr0                                  sfr0         00000
__Lsfr1                                  sfr1         00000
__Lsfr10                                 sfr10        00000
__Lsfr11                                 sfr11        00000
__Lsfr12                                 sfr12        00000
__Lsfr13                                 sfr13        00000
__Lsfr14                                 sfr14        00000
__Lsfr15                                 sfr15        00000
__Lsfr16                                 sfr16        00000
__Lsfr17                                 sfr17        00000
__Lsfr18                                 sfr18        00000
__Lsfr19                                 sfr19        00000
__Lsfr2                                  sfr2         00000
__Lsfr20                                 sfr20        00000
__Lsfr21                                 sfr21        00000
__Lsfr22                                 sfr22        00000
__Lsfr23                                 sfr23        00000
__Lsfr24                                 sfr24        00000
__Lsfr25                                 sfr25        00000
__Lsfr26                                 sfr26        00000
__Lsfr27                                 sfr27        00000
__Lsfr28                                 sfr28        00000
__Lsfr29                                 sfr29        00000
__Lsfr3                                  sfr3         00000
__Lsfr30                                 sfr30        00000
__Lsfr31                                 sfr31        00000
__Lsfr4                                  sfr4         00000
__Lsfr5                                  sfr5         00000
__Lsfr6                                  sfr6         00000
__Lsfr7                                  sfr7         00000
__Lsfr8                                  sfr8         00000
__Lsfr9                                  sfr9         00000
__Lspace_0                               (abs)        00000
__Lspace_1                               (abs)        00000
__Lspace_2                               (abs)        00000
__Lspace_3                               (abs)        00000
__Lstack                                 stack        00000
__Lstrings                               strings      00000
__Lstringtext                            stringtext   00000
__Ltext                                  text         00000
__S0                                     (abs)        0800A
__S1                                     (abs)        0007D
__S2                                     (abs)        00000
___int_sp                                stack        00000
___latbits                               (abs)        00001
___sp                                    stack        00000
__end_of_ACTIVEBAND                      stringtext   00985
__end_of_ADDRESSDATA1                    stringtext   00841
__end_of_ADDRESSDATA2                    stringtext   00882
__end_of_DAC1_Initialize                 text6        006D5
__end_of_DATA                            stringtext   008C3
__end_of_DATABUSPARK                     stringtext   00904
__end_of_DacOutput                       stringtext   00989
__end_of_INTERRUPT_ON_CHANGE_Initialize  text5        006E8
__end_of_MIPISPI1                        text7        00759
__end_of_OSCILLATOR_Initialize           text4        006DB
__end_of_PARITY                          stringtext   00945
__end_of_PIN_MANAGER_Initialize          text3        00725
__end_of_REGADD                          stringtext   0098B
__end_of_SLAVEADD                        stringtext   0098D
__end_of_SLAVEWRITEADD                   stringtext   0098F
__end_of_SPI_Exchange8bit                text8        006F1
__end_of_SPI_Initialize                  text2        006E1
__end_of_SYSTEM_Initialize               text1        00700
__end_of__initialization                 cinit        007FD
__end_of_main                            maintext     007F4
__initialization                         cinit        007F4
__pbssCOMMON                             bssCOMMON    00070
__pcstackCOMMON                          cstackCOMMON 00079
__pmaintext                              maintext     00759
__pstringtext                            stringtext   00800
__ptext1                                 text1        006F1
__ptext2                                 text2        006DB
__ptext3                                 text3        00700
__ptext4                                 text4        006D5
__ptext5                                 text5        006E1
__ptext6                                 text6        006D0
__ptext7                                 text7        00725
__ptext8                                 text8        006E8
__size_of_DAC1_Initialize                (abs)        00000
__size_of_INTERRUPT_ON_CHANGE_Initialize (abs)        00000
__size_of_MIPISPI1                       (abs)        00000
__size_of_OSCILLATOR_Initialize          (abs)        00000
__size_of_PIN_MANAGER_Initialize         (abs)        00000
__size_of_SPI_Exchange8bit               (abs)        00000
__size_of_SPI_Initialize                 (abs)        00000
__size_of_SYSTEM_Initialize              (abs)        00000
__size_of_main                           (abs)        00000
_main                                    maintext     00759
_start                                   bssCOMMON    00078
btemp                                    (abs)        0007E
end_of_initialization                    cinit        007FD
intlevel0                                functab      00000
intlevel1                                functab      00000
intlevel2                                functab      00000
intlevel3                                functab      00000
intlevel4                                functab      00000
intlevel5                                functab      00000
ltemp                                    (abs)        0007E
ltemp0                                   (abs)        0007E
ltemp1                                   (abs)        00082
ltemp2                                   (abs)        00086
ltemp3                                   (abs)        00080
reset_vec                                reset_vec    00000
stackhi                                  (abs)        021EF
stacklo                                  (abs)        02000
start                                    init         00002
start_initialization                     cinit        007F4
ttemp                                    (abs)        0007E
ttemp0                                   (abs)        0007E
ttemp1                                   (abs)        00081
ttemp2                                   (abs)        00084
ttemp3                                   (abs)        00087
ttemp4                                   (abs)        0007F
wtemp                                    (abs)        0007E
wtemp0                                   (abs)        0007E
wtemp1                                   (abs)        00080
wtemp2                                   (abs)        00082
wtemp3                                   (abs)        00084
wtemp4                                   (abs)        00086
wtemp5                                   (abs)        00088
wtemp6                                   (abs)        0007F


FUNCTION INFORMATION:

 *************** function _main *****************
 Defined at:
		line 210 in file "main.c"
 Parameters:    Size  Location     Type
		None
 Auto vars:     Size  Location     Type
		None
 Return value:  Size  Location     Type
		None               void
 Registers used:
		wreg, fsr0l, fsr0h, status,2, status,0, pclath, cstack
 Tracked objects:
		On entry : 
		On exit  : 
		Unchanged: 
 Data sizes:     COMMON   BANK0   BANK1   BANK2   BANK3   BANK4   BANK5   BANK6
      Params:         0       0       0       0       0       0       0       0
      Locals:         0       0       0       0       0       0       0       0
      Temps:          2       0       0       0       0       0       0       0
      Totals:         2       0       0       0       0       0       0       0
Total ram usage:        2 bytes
 Hardware stack levels required when called:    2
 This function calls:
		_MIPISPI1
		_SYSTEM_Initialize
 This function is called by:
		Startup code after reset
 This function uses a non-reentrant model


 *************** function _SYSTEM_Initialize *****************
 Defined at:
		line 75 in file "mcc_generated_files/mcc.c"
 Parameters:    Size  Location     Type
		None
 Auto vars:     Size  Location     Type
		None
 Return value:  Size  Location     Type
		None               void
 Registers used:
		wreg, status,2, status,0, pclath, cstack
 Tracked objects:
		On entry : 
		On exit  : 
		Unchanged: 
 Data sizes:     COMMON   BANK0   BANK1   BANK2   BANK3   BANK4   BANK5   BANK6
      Params:         0       0       0       0       0       0       0       0
      Locals:         0       0       0       0       0       0       0       0
      Temps:          0       0       0       0       0       0       0       0
      Totals:         0       0       0       0       0       0       0       0
Total ram usage:        0 bytes
 Hardware stack levels used:    1
 Hardware stack levels required when called:    1
 This function calls:
		_DAC1_Initialize
		_INTERRUPT_ON_CHANGE_Initialize
		_OSCILLATOR_Initialize
		_PIN_MANAGER_Initialize
		_SPI_Initialize
 This function is called by:
		_main
 This function uses a non-reentrant model


 *************** function _SPI_Initialize *****************
 Defined at:
		line 64 in file "mcc_generated_files/spi.c"
 Parameters:    Size  Location     Type
		None
 Auto vars:     Size  Location     Type
		None
 Return value:  Size  Location     Type
		None               void
 Registers used:
		wreg, status,2
 Tracked objects:
		On entry : 
		On exit  : 
		Unchanged: 
 Data sizes:     COMMON   BANK0   BANK1   BANK2   BANK3   BANK4   BANK5   BANK6
      Params:         0       0       0       0       0       0       0       0
      Locals:         0       0       0       0       0       0       0       0
      Temps:          0       0       0       0       0       0       0       0
      Totals:         0       0       0       0       0       0       0       0
Total ram usage:        0 bytes
 Hardware stack levels used:    1
 This function calls:
		Nothing
 This function is called by:
		_SYSTEM_Initialize
 This function uses a non-reentrant model


 *************** function _PIN_MANAGER_Initialize *****************
 Defined at:
		line 51 in file "mcc_generated_files/pin_manager.c"
 Parameters:    Size  Location     Type
		None
 Auto vars:     Size  Location     Type
		None
 Return value:  Size  Location     Type
		None               void
 Registers used:
		wreg, status,2
 Tracked objects:
		On entry : 
		On exit  : 
		Unchanged: 
 Data sizes:     COMMON   BANK0   BANK1   BANK2   BANK3   BANK4   BANK5   BANK6
      Params:         0       0       0       0       0       0       0       0
      Locals:         0       0       0       0       0       0       0       0
      Temps:          0       0       0       0       0       0       0       0
      Totals:         0       0       0       0       0       0       0       0
Total ram usage:        0 bytes
 Hardware stack levels used:    1
 This function calls:
		Nothing
 This function is called by:
		_SYSTEM_Initialize
 This function uses a non-reentrant model


 *************** function _OSCILLATOR_Initialize *****************
 Defined at:
		line 83 in file "mcc_generated_files/mcc.c"
 Parameters:    Size  Location     Type
		None
 Auto vars:     Size  Location     Type
		None
 Return value:  Size  Location     Type
		None               void
 Registers used:
		wreg, status,2
 Tracked objects:
		On entry : 
		On exit  : 
		Unchanged: 
 Data sizes:     COMMON   BANK0   BANK1   BANK2   BANK3   BANK4   BANK5   BANK6
      Params:         0       0       0       0       0       0       0       0
      Locals:         0       0       0       0       0       0       0       0
      Temps:          0       0       0       0       0       0       0       0
      Totals:         0       0       0       0       0       0       0       0
Total ram usage:        0 bytes
 Hardware stack levels used:    1
 This function calls:
		Nothing
 This function is called by:
		_SYSTEM_Initialize
 This function uses a non-reentrant model


 *************** function _INTERRUPT_ON_CHANGE_Initialize *****************
 Defined at:
		line 94 in file "mcc_generated_files/mcc.c"
 Parameters:    Size  Location     Type
		None
 Auto vars:     Size  Location     Type
		None
 Return value:  Size  Location     Type
		None               void
 Registers used:
		wreg
 Tracked objects:
		On entry : 
		On exit  : 
		Unchanged: 
 Data sizes:     COMMON   BANK0   BANK1   BANK2   BANK3   BANK4   BANK5   BANK6
      Params:         0       0       0       0       0       0       0       0
      Locals:         0       0       0       0       0       0       0       0
      Temps:          0       0       0       0       0       0       0       0
      Totals:         0       0       0       0       0       0       0       0
Total ram usage:        0 bytes
 Hardware stack levels used:    1
 This function calls:
		Nothing
 This function is called by:
		_SYSTEM_Initialize
 This function uses a non-reentrant model


 *************** function _DAC1_Initialize *****************
 Defined at:
		line 58 in file "mcc_generated_files/dac1.c"
 Parameters:    Size  Location     Type
		None
 Auto vars:     Size  Location     Type
		None
 Return value:  Size  Location     Type
		None               void
 Registers used:
		wreg, status,2
 Tracked objects:
		On entry : 
		On exit  : 
		Unchanged: 
 Data sizes:     COMMON   BANK0   BANK1   BANK2   BANK3   BANK4   BANK5   BANK6
      Params:         0       0       0       0       0       0       0       0
      Locals:         0       0       0       0       0       0       0       0
      Temps:          0       0       0       0       0       0       0       0
      Totals:         0       0       0       0       0       0       0       0
Total ram usage:        0 bytes
 Hardware stack levels used:    1
 This function calls:
		Nothing
 This function is called by:
		_SYSTEM_Initialize
 This function uses a non-reentrant model


 *************** function _MIPISPI1 *****************
 Defined at:
		line 129 in file "main.c"
 Parameters:    Size  Location     Type
  a               1    wreg     unsigned char 
 Auto vars:     Size  Location     Type
  a               1    1[COMMON] unsigned char 
 Return value:  Size  Location     Type
		None               void
 Registers used:
		wreg, fsr0l, fsr0h, status,2, status,0, pclath, cstack
 Tracked objects:
		On entry : 
		On exit  : 
		Unchanged: 
 Data sizes:     COMMON   BANK0   BANK1   BANK2   BANK3   BANK4   BANK5   BANK6
      Params:         0       0       0       0       0       0       0       0
      Locals:         1       0       0       0       0       0       0       0
      Temps:          0       0       0       0       0       0       0       0
      Totals:         1       0       0       0       0       0       0       0
Total ram usage:        1 bytes
 Hardware stack levels used:    1
 Hardware stack levels required when called:    1
 This function calls:
		_SPI_Exchange8bit
 This function is called by:
		_main
 This function uses a non-reentrant model


 *************** function _SPI_Exchange8bit *****************
 Defined at:
		line 77 in file "mcc_generated_files/spi.c"
 Parameters:    Size  Location     Type
  data            1    wreg     unsigned char 
 Auto vars:     Size  Location     Type
  data            1    0[COMMON] unsigned char 
 Return value:  Size  Location     Type
                  1    wreg      unsigned char 
 Registers used:
		wreg
 Tracked objects:
		On entry : 
		On exit  : 
		Unchanged: 
 Data sizes:     COMMON   BANK0   BANK1   BANK2   BANK3   BANK4   BANK5   BANK6
      Params:         0       0       0       0       0       0       0       0
      Locals:         1       0       0       0       0       0       0       0
      Temps:          0       0       0       0       0       0       0       0
      Totals:         1       0       0       0       0       0       0       0
Total ram usage:        1 bytes
 Hardware stack levels used:    1
 This function calls:
		Nothing
 This function is called by:
		_MIPISPI1
		_SPI_Exchange8bitBuffer
		_MIPISPI
 This function uses a non-reentrant model



MODULE INFORMATION

Module		Function		Class		Link	Load	Size
mcc_generated_files/pin_manager.c
		_PIN_MANAGER_Initialize		CODE           	0700	0000	38

mcc_generated_files/pin_manager.c estimated size: 38

mcc_generated_files/spi.c
		_SPI_Exchange8bit		CODE           	06E8	0000	10
		_SPI_Initialize		CODE           	06DB	0000	7

mcc_generated_files/spi.c estimated size: 17

shared
		_DacOutput     		STRCODE        	0000	0000	0
		_ACTIVEBAND    		STRCODE        	0000	0000	0
		_SLAVEWRITEADD 		STRCODE        	098D	0000	3
		_DATABUSPARK   		STRCODE        	08C3	0000	66
		_REGADD        		STRCODE        	0000	0000	0
		_PARITY        		STRCODE        	0000	0000	0
		_DATA          		STRCODE        	0000	0000	0
		__initialization		CODE           	07F4	0000	10
		_ADDRESSDATA1  		STRCODE        	0800	0000	66
		_ADDRESSDATA2  		STRCODE        	0841	0000	66
		_SLAVEADD      		STRCODE        	0000	0000	0

shared estimated size: 211

mcc_generated_files/mcc.c
		_INTERRUPT_ON_CHANGE_Initialize		CODE           	06E1	0000	8
		_OSCILLATOR_Initialize		CODE           	06D5	0000	7
		_SYSTEM_Initialize		CODE           	06F1	0000	16

mcc_generated_files/mcc.c estimated size: 31

mcc_generated_files/dac1.c
		_DAC1_Initialize		CODE           	06D0	0000	6

mcc_generated_files/dac1.c estimated size: 6

main.c
		_MIPISPI1      		CODE           	0725	0000	53
		_main          		CODE           	0759	0000	156

main.c estimated size: 209

