Microchip MPLAB XC8 Compiler V1.35 ()

Linker command line:

--edf=C:\Program Files (x86)\Microchip\xc8\v1.35\dat\en_msgs.txt -cs \
  -h+dist/default/production\WiFi_BS_v2.X.production.sym \
  --cmf=dist/default/production\WiFi_BS_v2.X.production.cmf -z -Q18F23K22 \
  -oC:\Users\ARUN~1.KUM\AppData\Local\Temp\sep8.2 \
  -Mdist/default/production/WiFi_BS_v2.X.production.map -E1 -ver=XC8 \
  -ASTACK=060h-01ffh -pstack=STACK -ACODE=00h-01FFFh -ACONST=00h-01FFFh \
  -ASMALLCONST=0200h-02FFhx30 -AMEDIUMCONST=0200h-01FFFh -ACOMRAM=01h-05Fh \
  -AABS1=00h-01FFh -ABIGRAM=01h-01FFh -ARAM=060h-0FFh,0100h-01FFh \
  -ABANK0=060h-0FFh -ABANK1=0100h-01FFh -ASFR=0F38h-0F5Fh,0F60h-0FFFh \
  -preset_vec=00h,intcode,intcodelo,powerup,init,end_init -pramtop=0200h \
  -psmallconst=SMALLCONST -pmediumconst=MEDIUMCONST -pconst=CONST \
  -AFARRAM=00h-00h -ACONFIG=0300000h-030000Dh -pconfig=CONFIG \
  -AIDLOC=0200000h-0200007h -pidloc=IDLOC -AEEDATA=0F00000h-0F000FFh \
  -peeprom_data=EEDATA \
  -prdata=COMRAM,nvrram=COMRAM,nvbit=COMRAM,rbss=COMRAM,rbit=COMRAM \
  -pfarbss=FARRAM,fardata=FARRAM,nvFARRAM=FARRAM \
  -pintsave_regs=BIGRAM,bigbss=BIGRAM,bigdata=BIGRAM -pbss=RAM \
  -pidata=CODE,irdata=CODE,ibigdata=CODE,ifardata=CODE -prparam=COMRAM \
  C:\Users\ARUN~1.KUM\AppData\Local\Temp\sep8.obj \
  dist/default/production\WiFi_BS_v2.X.production.obj 

Object code version is 3.11

Machine type is 18F23K22

Call graph: (short form)




                Name                               Link     Load   Length Selector   Space Scale
C:\Users\ARUN~1.KUM\AppData\Local\Temp\sep8.obj
                end_init                              0        0        4        0       0
                idloc                            200000   200000        8   200000       0
                config                           300000   300000        E   300000       0
dist/default/production\WiFi_BS_v2.X.production.obj
                text11                             1B32     1B32       14      D99       0
                text10                             1BA2     1BA2       36      DD1       0
                text9                              1AFA     1AFA        C      D7D       0
                text8                              1B46     1B46       16      DA3       0
                text7                              1B06     1B06        E      D83       0
                text6                              1B72     1B72       30      DB9       0
                text5                              1B14     1B14        E      D8A       0
                text4                              1B22     1B22       10      D91       0
                text3                              1BD8     1BD8       44      DEC       0
                text2                              1C6A     1C6A      11A      E35       0
                text1                              1C1C     1C1C       4E      E0E       0
                text0                              1D84     1D84      27C      EC2       0
                cstackCOMRAM                         28       28        A        1       1
                bssCOMRAM                             1        1       27        1       1
                cinit                              1B5C     1B5C       16      DAE       0

TOTAL           Name                               Link     Load   Length     Space
        CLASS   STACK          

        CLASS   CODE           
                end_init                              0        0        4         0
                text11                             1B32     1B32       14         0
                text10                             1BA2     1BA2       36         0
                text9                              1AFA     1AFA        C         0
                text8                              1B46     1B46       16         0
                text7                              1B06     1B06        E         0
                text6                              1B72     1B72       30         0
                text5                              1B14     1B14        E         0
                text4                              1B22     1B22       10         0
                text3                              1BD8     1BD8       44         0
                text2                              1C6A     1C6A      11A         0
                text1                              1C1C     1C1C       4E         0
                text0                              1D84     1D84      27C         0
                cinit                              1B5C     1B5C       16         0

        CLASS   CONST          

        CLASS   SMALLCONST     

        CLASS   MEDIUMCONST    

        CLASS   COMRAM         
                cstackCOMRAM                         28       28        A         1
                bssCOMRAM                             1        1       27         1

        CLASS   ABS1           

        CLASS   BIGRAM         

        CLASS   RAM            

        CLASS   BANK0          

        CLASS   BANK1          

        CLASS   SFR            

        CLASS   FARRAM         

        CLASS   CONFIG         
                config                           300000   300000        E         0

        CLASS   IDLOC          
                idloc                            200000   200000        8         0

        CLASS   EEDATA         



SEGMENTS        Name                           Load    Length   Top    Selector   Space  Class

                reset_vec                      000000  000004  000004         0       0  CODE    
                bssCOMRAM                      000001  000031  000032         1       1  COMRAM  
                text9                          001AFA  00000C  001B06       D7D       0  CODE    
                text7                          001B06  00000E  001B14       D83       0  CODE    
                text5                          001B14  00000E  001B22       D8A       0  CODE    
                text4                          001B22  000010  001B32       D91       0  CODE    
                text11                         001B32  000014  001B46       D99       0  CODE    
                text8                          001B46  000016  001B5C       DA3       0  CODE    
                cinit                          001B5C  000016  001B72       DAE       0  CODE    
                text6                          001B72  000030  001BA2       DB9       0  CODE    
                text10                         001BA2  000036  001BD8       DD1       0  CODE    
                text3                          001BD8  000044  001C1C       DEC       0  CODE    
                text1                          001C1C  00004E  001C6A       E0E       0  CODE    
                text2                          001C6A  00011A  001D84       E35       0  CODE    
                text0                          001D84  00027C  002000       EC2       0  CODE    
                idloc                          200000  000008  200008    200000       0  IDLOC   
                config                         300000  00000E  30000E    300000       0  CONFIG  


UNUSED ADDRESS RANGES

        Name                Unused          Largest block    Delta
        BANK0            000060-0000FF               A0
        BANK1            000100-0001FF              100
        BIGRAM           000032-0001FF              1CE
        CODE             000004-001AF9             1AF6
        COMRAM           000032-00005F               2E
        CONST            000004-001AF9             1AF6
        EEDATA           F00000-F000FF              100
        MEDIUMCONST      000200-001AF9             18FA
        RAM              000060-0001FF               A0
        SFR              000F38-000FFF               28
        SMALLCONST       000200-001AF9              100
        STACK            000060-0001FF              1A0

                                  Symbol Table

DATAEE_ReadByte@bAdd             cstackCOMRAM 000028
DATAEE_WriteByte@GIEBitValue     cstackCOMRAM 00002A
DATAEE_WriteByte@bAdd            cstackCOMRAM 000029
DATAEE_WriteByte@bData           cstackCOMRAM 000028
EUSART1_Write@txData             cstackCOMRAM 000028
_ANSELA                          (abs)        000F38
_ANSELB                          (abs)        000F39
_ANSELC                          (abs)        000F3A
_BAUD1CON                        (abs)        000FB8
_DATAEE_ReadByte                 text11       001B32
_DATAEE_WriteByte                text10       001BA2
_EEADR                           (abs)        000FA9
_EECON1bits                      (abs)        000FA6
_EECON2                          (abs)        000FA7
_EEDATA                          (abs)        000FA8
_EUSART1_Initialize              text8        001B46
_EUSART1_Read                    text4        001B22
_EUSART1_Write                   text9        001AFA
_INTCON2bits                     (abs)        000FF1
_INTCONbits                      (abs)        000FF2
_LATA                            (abs)        000F89
_LATB                            (abs)        000F8A
_LATB0                           (abs)        007C50
_LATB1                           (abs)        007C51
_LATB2                           (abs)        007C52
_LATB3                           (abs)        007C53
_LATC                            (abs)        000F8B
_LATC0                           (abs)        007C58
_LATC1                           (abs)        007C59
_LATC2                           (abs)        007C5A
_LATC3                           (abs)        007C5B
_OSCCON                          (abs)        000FD3
_OSCCON2                         (abs)        000FD2
_OSCILLATOR_Initialize           text7        001B06
_OSCTUNE                         (abs)        000F9B
_PIN_MANAGER_Initialize          text6        001B72
_PIR1bits                        (abs)        000F9E
_RC1STA                          (abs)        000FAB
_RC1STAbits                      (abs)        000FAB
_RCREG1                          (abs)        000FAE
_SPBRG1                          (abs)        000FAF
_SPBRGH1                         (abs)        000FB0
_SYSTEM_Initialize               text5        001B14
_TABLAT                          (abs)        000FF5
_TBLPTRH                         (abs)        000FF7
_TBLPTRL                         (abs)        000FF6
_TBLPTRU                         (abs)        000FF8
_TRISA                           (abs)        000F92
_TRISB                           (abs)        000F93
_TRISC                           (abs)        000F94
_TX1STA                          (abs)        000FAC
_TXREG1                          (abs)        000FAD
_WPUB                            (abs)        000F61
__CFG_BOREN$SBORDIS              (abs)        000000
__CFG_BORV$190                   (abs)        000000
__CFG_CCP2MX$PORTC1              (abs)        000000
__CFG_CCP3MX$PORTB5              (abs)        000000
__CFG_CP0$ON                     (abs)        000000
__CFG_CP1$ON                     (abs)        000000
__CFG_CPB$ON                     (abs)        000000
__CFG_CPD$ON                     (abs)        000000
__CFG_DEBUG$OFF                  (abs)        000000
__CFG_EBTR0$OFF                  (abs)        000000
__CFG_EBTR1$OFF                  (abs)        000000
__CFG_EBTRB$OFF                  (abs)        000000
__CFG_FCMEN$OFF                  (abs)        000000
__CFG_FOSC$INTIO67               (abs)        000000
__CFG_HFOFST$ON                  (abs)        000000
__CFG_IESO$OFF                   (abs)        000000
__CFG_LVP$ON                     (abs)        000000
__CFG_MCLRE$EXTMCLR              (abs)        000000
__CFG_P2BMX$PORTB5               (abs)        000000
__CFG_PBADEN$OFF                 (abs)        000000
__CFG_PLLCFG$ON                  (abs)        000000
__CFG_PRICLKEN$ON                (abs)        000000
__CFG_PWRTEN$OFF                 (abs)        000000
__CFG_STVREN$OFF                 (abs)        000000
__CFG_T3CMX$PORTC0               (abs)        000000
__CFG_WDTEN$OFF                  (abs)        000000
__CFG_WDTPS$32768                (abs)        000000
__CFG_WRT0$OFF                   (abs)        000000
__CFG_WRT1$OFF                   (abs)        000000
__CFG_WRTB$OFF                   (abs)        000000
__CFG_WRTC$OFF                   (abs)        000000
__CFG_WRTD$OFF                   (abs)        000000
__CFG_XINST$OFF                  (abs)        000000
__HRAM                           (abs)        000000
__Habs1                          abs1         000000
__Hbank0                         bank0        000000
__Hbank1                         bank1        000000
__Hbigbss                        bigbss       000000
__Hbigdata                       bigdata      000000
__Hbigram                        bigram       000000
__Hbss                           bss          000000
__HbssCOMRAM                     bssCOMRAM    000000
__Hcinit                         cinit        000000
__Hclrtext                       clrtext      000000
__Hcomram                        comram       000000
__Hconfig                        config       30000E
__Hconst                         const        000000
__HcstackCOMRAM                  cstackCOMRAM 000000
__Hdata                          data         000000
__Heeprom_data                   eeprom_data  000000
__Hend_init                      end_init     000004
__Hfarbss                        farbss       000000
__Hfardata                       fardata      000000
__Hibigdata                      ibigdata     000000
__Hidata                         idata        000000
__Hidloc                         idloc        200008
__Hifardata                      ifardata     000000
__Hinit                          init         000000
__Hintcode                       intcode      000000
__Hintcode_body                  intcode_body 000000
__Hintcodelo                     intcodelo    000000
__Hintentry                      intentry     000000
__Hintret                        intret       000000
__Hintsave_regs                  intsave_regs 000000
__Hirdata                        irdata       000000
__Hmediumconst                   mediumconst  000000
__HnvFARRAM                      nvFARRAM     000000
__Hnvbit                         nvbit        000000
__Hnvrram                        nvrram       000000
__Hparam                         rparam       000000
__Hpowerup                       powerup      000000
__Hram                           ram          000000
__Hramtop                        ramtop       000200
__Hrbit                          rbit         000000
__Hrbss                          rbss         000000
__Hrdata                         rdata        000000
__Hreset_vec                     reset_vec    000000
__Hrparam                        rparam       000000
__Hsfr                           sfr          000000
__Hsmallconst                    smallconst   000000
__Hspace_0                       (abs)        30000E
__Hspace_1                       (abs)        000032
__Hspace_2                       (abs)        000000
__Hstack                         stack        000000
__Hstruct                        struct       000000
__Htemp                          temp         000000
__Htext                          text         000000
__Htext0                         text0        000000
__Htext1                         text1        000000
__Htext10                        text10       000000
__Htext11                        text11       000000
__Htext2                         text2        000000
__Htext3                         text3        000000
__Htext4                         text4        000000
__Htext5                         text5        000000
__Htext6                         text6        000000
__Htext7                         text7        000000
__Htext8                         text8        000000
__Htext9                         text9        000000
__LRAM                           (abs)        000001
__Labs1                          abs1         000000
__Lbank0                         bank0        000000
__Lbank1                         bank1        000000
__Lbigbss                        bigbss       000000
__Lbigdata                       bigdata      000000
__Lbigram                        bigram       000000
__Lbss                           bss          000000
__LbssCOMRAM                     bssCOMRAM    000000
__Lcinit                         cinit        000000
__Lclrtext                       clrtext      000000
__Lcomram                        comram       000000
__Lconfig                        config       300000
__Lconst                         const        000000
__LcstackCOMRAM                  cstackCOMRAM 000000
__Ldata                          data         000000
__Leeprom_data                   eeprom_data  000000
__Lend_init                      end_init     000000
__Lfarbss                        farbss       000000
__Lfardata                       fardata      000000
__Libigdata                      ibigdata     000000
__Lidata                         idata        000000
__Lidloc                         idloc        200000
__Lifardata                      ifardata     000000
__Linit                          init         000000
__Lintcode                       intcode      000000
__Lintcode_body                  intcode_body 000000
__Lintcodelo                     intcodelo    000000
__Lintentry                      intentry     000000
__Lintret                        intret       000000
__Lintsave_regs                  intsave_regs 000000
__Lirdata                        irdata       000000
__Lmediumconst                   mediumconst  000000
__LnvFARRAM                      nvFARRAM     000000
__Lnvbit                         nvbit        000000
__Lnvrram                        nvrram       000000
__Lparam                         rparam       000000
__Lpowerup                       powerup      000000
__Lram                           ram          000000
__Lramtop                        ramtop       000200
__Lrbit                          rbit         000000
__Lrbss                          rbss         000000
__Lrdata                         rdata        000000
__Lreset_vec                     reset_vec    000000
__Lrparam                        rparam       000000
__Lsfr                           sfr          000000
__Lsmallconst                    smallconst   000000
__Lspace_0                       (abs)        000000
__Lspace_1                       (abs)        000000
__Lspace_2                       (abs)        000000
__Lstack                         stack        000000
__Lstruct                        struct       000000
__Ltemp                          temp         000000
__Ltext                          text         000000
__Ltext0                         text0        000000
__Ltext1                         text1        000000
__Ltext10                        text10       000000
__Ltext11                        text11       000000
__Ltext2                         text2        000000
__Ltext3                         text3        000000
__Ltext4                         text4        000000
__Ltext5                         text5        000000
__Ltext6                         text6        000000
__Ltext7                         text7        000000
__Ltext8                         text8        000000
__Ltext9                         text9        000000
__S0                             (abs)        30000E
__S1                             (abs)        000032
__S2                             (abs)        000000
___inthi_sp                      stack        000000
___intlo_sp                      stack        000000
___param_bank                    (abs)        000010
___rparam_used                   (abs)        000001
___sp                            stack        000000
__accesstop                      (abs)        000060
__activetblptr                   (abs)        000002
__end_of_DATAEE_ReadByte         text11       001B46
__end_of_DATAEE_WriteByte        text10       001BD8
__end_of_EUSART1_Initialize      text8        001B5C
__end_of_EUSART1_Read            text4        001B32
__end_of_EUSART1_Write           text9        001B06
__end_of_OSCILLATOR_Initialize   text7        001B14
__end_of_PIN_MANAGER_Initialize  text6        001BA2
__end_of_SYSTEM_Initialize       text5        001B22
__end_of__initialization         cinit        001B68
__end_of_getvalues               text3        001C1C
__end_of_main                    text0        002000
__end_of_normaloperation         text1        001C6A
__end_of_switchstate             text2        001D84
__initialization                 cinit        001B5C
__mediumconst                    mediumconst  000000
__pbssCOMRAM                     bssCOMRAM    000001
__pcinit                         cinit        001B5C
__pcstackCOMRAM                  cstackCOMRAM 000028
__ptext0                         text0        001D84
__ptext1                         text1        001C1C
__ptext10                        text10       001BA2
__ptext11                        text11       001B32
__ptext2                         text2        001C6A
__ptext3                         text3        001BD8
__ptext4                         text4        001B22
__ptext5                         text5        001B14
__ptext6                         text6        001B72
__ptext7                         text7        001B06
__ptext8                         text8        001B46
__ptext9                         text9        001AFA
__ramtop                         ramtop       000200
__size_of_DATAEE_ReadByte        (abs)        000000
__size_of_DATAEE_WriteByte       (abs)        000000
__size_of_EUSART1_Initialize     (abs)        000000
__size_of_EUSART1_Read           (abs)        000000
__size_of_EUSART1_Write          (abs)        000000
__size_of_OSCILLATOR_Initialize  (abs)        000000
__size_of_PIN_MANAGER_Initialize (abs)        000000
__size_of_SYSTEM_Initialize      (abs)        000000
__size_of_getvalues              (abs)        000000
__size_of_main                   (abs)        000000
__size_of_normaloperation        (abs)        000000
__size_of_switchstate            (abs)        000000
__smallconst                     smallconst   000000
_getvalues                       text3        001BD8
_index                           bssCOMRAM    000025
_main                            text0        001D84
_normaloperation                 text1        001C1C
_quality                         bssCOMRAM    000001
_qualityindex                    bssCOMRAM    00000A
_qualitymax                      bssCOMRAM    000026
_rssi                            bssCOMRAM    000013
_rssiindex                       bssCOMRAM    00001C
_rssimax                         bssCOMRAM    000027
_switchstate                     text2        001C6A
end_of_initialization            cinit        001B68
getvalues@b                      cstackCOMRAM 000028
intlevel0                        text         000000
intlevel1                        text         000000
intlevel2                        text         000000
intlevel3                        text         000000
main@i                           cstackCOMRAM 00002D
main@i_430                       cstackCOMRAM 000030
main@i_431                       cstackCOMRAM 000031
main@i_432                       cstackCOMRAM 00002F
main@j                           cstackCOMRAM 00002E
normaloperation@c                cstackCOMRAM 000029
stackhi                          (abs)        0001FF
stacklo                          (abs)        000060
start                            init         000000
start_initialization             cinit        001B5C
switchstate@a                    cstackCOMRAM 000028


FUNCTION INFORMATION:

 *************** function _main *****************
 Defined at:
		line 204 in file "main.c"
 Parameters:    Size  Location     Type
		None
 Auto vars:     Size  Location     Type
  j               1    6[COMRAM] unsigned char 
  i               1    7[COMRAM] unsigned char 
  i               1    9[COMRAM] unsigned char 
  i               1    8[COMRAM] unsigned char 
  i               1    5[COMRAM] unsigned char 
 Return value:  Size  Location     Type
		None               void
 Registers used:
		wreg, fsr1l, fsr1h, fsr2l, fsr2h, status,2, status,0, prodl, prodh, cstack
 Tracked objects:
		On entry : 
		On exit  : 
		Unchanged: 
 Data sizes:     COMRAM   BANK0   BANK1
      Params:         0       0       0
      Locals:         5       0       0
      Temps:          2       0       0
      Totals:         7       0       0
Total ram usage:        7 bytes
 Hardware stack levels required when called:    2
 This function calls:
		_DATAEE_ReadByte
		_DATAEE_WriteByte
		_EUSART1_Read
		_EUSART1_Write
		_SYSTEM_Initialize
		_getvalues
		_normaloperation
		_switchstate
 This function is called by:
		Startup code after reset
 This function uses a non-reentrant model


 *************** function _normaloperation *****************
 Defined at:
		line 181 in file "main.c"
 Parameters:    Size  Location     Type
  c               1    wreg     unsigned char 
 Auto vars:     Size  Location     Type
  c               1    1[COMRAM] unsigned char 
 Return value:  Size  Location     Type
		None               void
 Registers used:
		wreg, status,2, status,0, cstack
 Tracked objects:
		On entry : 
		On exit  : 
		Unchanged: 
 Data sizes:     COMRAM   BANK0   BANK1
      Params:         0       0       0
      Locals:         1       0       0
      Temps:          0       0       0
      Totals:         1       0       0
Total ram usage:        1 bytes
 Hardware stack levels used:    1
 Hardware stack levels required when called:    1
 This function calls:
		_switchstate
 This function is called by:
		_main
 This function uses a non-reentrant model


 *************** function _switchstate *****************
 Defined at:
		line 51 in file "main.c"
 Parameters:    Size  Location     Type
  a               1    wreg     unsigned char 
 Auto vars:     Size  Location     Type
  a               1    0[COMRAM] unsigned char 
 Return value:  Size  Location     Type
		None               void
 Registers used:
		wreg, status,2, status,0
 Tracked objects:
		On entry : 
		On exit  : 
		Unchanged: 
 Data sizes:     COMRAM   BANK0   BANK1
      Params:         0       0       0
      Locals:         1       0       0
      Temps:          0       0       0
      Totals:         1       0       0
Total ram usage:        1 bytes
 Hardware stack levels used:    1
 This function calls:
		Nothing
 This function is called by:
		_normaloperation
		_main
 This function uses a non-reentrant model


 *************** function _getvalues *****************
 Defined at:
		line 167 in file "main.c"
 Parameters:    Size  Location     Type
  b               1    wreg     unsigned char 
 Auto vars:     Size  Location     Type
  b               1    0[COMRAM] unsigned char 
 Return value:  Size  Location     Type
		None               void
 Registers used:
		wreg, fsr2l, fsr2h, status,2, status,0, prodl, prodh, cstack
 Tracked objects:
		On entry : 
		On exit  : 
		Unchanged: 
 Data sizes:     COMRAM   BANK0   BANK1
      Params:         0       0       0
      Locals:         1       0       0
      Temps:          0       0       0
      Totals:         1       0       0
Total ram usage:        1 bytes
 Hardware stack levels used:    1
 Hardware stack levels required when called:    1
 This function calls:
		_EUSART1_Read
 This function is called by:
		_main
 This function uses a non-reentrant model


 *************** function _EUSART1_Read *****************
 Defined at:
		line 76 in file "mcc_generated_files/eusart1.c"
 Parameters:    Size  Location     Type
		None
 Auto vars:     Size  Location     Type
		None
 Return value:  Size  Location     Type
                  1    wreg      unsigned char 
 Registers used:
		wreg, status,2
 Tracked objects:
		On entry : 
		On exit  : 
		Unchanged: 
 Data sizes:     COMRAM   BANK0   BANK1
      Params:         0       0       0
      Locals:         0       0       0
      Temps:          0       0       0
      Totals:         0       0       0
Total ram usage:        0 bytes
 Hardware stack levels used:    1
 This function calls:
		Nothing
 This function is called by:
		_getvalues
		_main
 This function uses a non-reentrant model


 *************** function _SYSTEM_Initialize *****************
 Defined at:
		line 106 in file "mcc_generated_files/mcc.c"
 Parameters:    Size  Location     Type
		None
 Auto vars:     Size  Location     Type
		None
 Return value:  Size  Location     Type
		None               void
 Registers used:
		wreg, status,2, cstack
 Tracked objects:
		On entry : 
		On exit  : 
		Unchanged: 
 Data sizes:     COMRAM   BANK0   BANK1
      Params:         0       0       0
      Locals:         0       0       0
      Temps:          0       0       0
      Totals:         0       0       0
Total ram usage:        0 bytes
 Hardware stack levels used:    1
 Hardware stack levels required when called:    1
 This function calls:
		_EUSART1_Initialize
		_OSCILLATOR_Initialize
		_PIN_MANAGER_Initialize
 This function is called by:
		_main
 This function uses a non-reentrant model


 *************** function _PIN_MANAGER_Initialize *****************
 Defined at:
		line 50 in file "mcc_generated_files/pin_manager.c"
 Parameters:    Size  Location     Type
		None
 Auto vars:     Size  Location     Type
		None
 Return value:  Size  Location     Type
		None               void
 Registers used:
		wreg, status,2
 Tracked objects:
		On entry : 
		On exit  : 
		Unchanged: 
 Data sizes:     COMRAM   BANK0   BANK1
      Params:         0       0       0
      Locals:         0       0       0
      Temps:          0       0       0
      Totals:         0       0       0
Total ram usage:        0 bytes
 Hardware stack levels used:    1
 This function calls:
		Nothing
 This function is called by:
		_SYSTEM_Initialize
 This function uses a non-reentrant model


 *************** function _OSCILLATOR_Initialize *****************
 Defined at:
		line 112 in file "mcc_generated_files/mcc.c"
 Parameters:    Size  Location     Type
		None
 Auto vars:     Size  Location     Type
		None
 Return value:  Size  Location     Type
		None               void
 Registers used:
		wreg, status,2
 Tracked objects:
		On entry : 
		On exit  : 
		Unchanged: 
 Data sizes:     COMRAM   BANK0   BANK1
      Params:         0       0       0
      Locals:         0       0       0
      Temps:          0       0       0
      Totals:         0       0       0
Total ram usage:        0 bytes
 Hardware stack levels used:    1
 This function calls:
		Nothing
 This function is called by:
		_SYSTEM_Initialize
 This function uses a non-reentrant model


 *************** function _EUSART1_Initialize *****************
 Defined at:
		line 56 in file "mcc_generated_files/eusart1.c"
 Parameters:    Size  Location     Type
		None
 Auto vars:     Size  Location     Type
		None
 Return value:  Size  Location     Type
		None               void
 Registers used:
		wreg, status,2
 Tracked objects:
		On entry : 
		On exit  : 
		Unchanged: 
 Data sizes:     COMRAM   BANK0   BANK1
      Params:         0       0       0
      Locals:         0       0       0
      Temps:          0       0       0
      Totals:         0       0       0
Total ram usage:        0 bytes
 Hardware stack levels used:    1
 This function calls:
		Nothing
 This function is called by:
		_SYSTEM_Initialize
 This function uses a non-reentrant model


 *************** function _EUSART1_Write *****************
 Defined at:
		line 91 in file "mcc_generated_files/eusart1.c"
 Parameters:    Size  Location     Type
  txData          1    wreg     unsigned char 
 Auto vars:     Size  Location     Type
  txData          1    0[COMRAM] unsigned char 
 Return value:  Size  Location     Type
		None               void
 Registers used:
		wreg
 Tracked objects:
		On entry : 
		On exit  : 
		Unchanged: 
 Data sizes:     COMRAM   BANK0   BANK1
      Params:         0       0       0
      Locals:         1       0       0
      Temps:          0       0       0
      Totals:         1       0       0
Total ram usage:        1 bytes
 Hardware stack levels used:    1
 This function calls:
		Nothing
 This function is called by:
		_main
 This function uses a non-reentrant model


 *************** function _DATAEE_WriteByte *****************
 Defined at:
		line 154 in file "mcc_generated_files/memory.c"
 Parameters:    Size  Location     Type
  bAdd            1    wreg     unsigned char 
  bData           1    0[COMRAM] unsigned char 
 Auto vars:     Size  Location     Type
  bAdd            1    1[COMRAM] unsigned char 
  GIEBitValue     1    2[COMRAM] unsigned char 
 Return value:  Size  Location     Type
		None               void
 Registers used:
		wreg, status,2
 Tracked objects:
		On entry : 
		On exit  : 
		Unchanged: 
 Data sizes:     COMRAM   BANK0   BANK1
      Params:         1       0       0
      Locals:         2       0       0
      Temps:          0       0       0
      Totals:         3       0       0
Total ram usage:        3 bytes
 Hardware stack levels used:    1
 This function calls:
		Nothing
 This function is called by:
		_main
 This function uses a non-reentrant model


 *************** function _DATAEE_ReadByte *****************
 Defined at:
		line 174 in file "mcc_generated_files/memory.c"
 Parameters:    Size  Location     Type
  bAdd            1    wreg     unsigned char 
 Auto vars:     Size  Location     Type
  bAdd            1    0[COMRAM] unsigned char 
 Return value:  Size  Location     Type
                  1    wreg      unsigned char 
 Registers used:
		wreg, status,2
 Tracked objects:
		On entry : 
		On exit  : 
		Unchanged: 
 Data sizes:     COMRAM   BANK0   BANK1
      Params:         0       0       0
      Locals:         1       0       0
      Temps:          0       0       0
      Totals:         1       0       0
Total ram usage:        1 bytes
 Hardware stack levels used:    1
 This function calls:
		Nothing
 This function is called by:
		_main
 This function uses a non-reentrant model



MODULE INFORMATION

Module		Function		Class		Link	Load	Size
mcc_generated_files/pin_manager.c
		_PIN_MANAGER_Initialize		CODE           	1B72	0000	49

mcc_generated_files/pin_manager.c estimated size: 49

shared
		__initialization		CODE           	1B5C	0000	13

shared estimated size: 13

mcc_generated_files/eusart1.c
		_EUSART1_Initialize		CODE           	1B46	0000	23
		_EUSART1_Read  		CODE           	1B22	0000	17
		_EUSART1_Write 		CODE           	1AFA	0000	13

mcc_generated_files/eusart1.c estimated size: 53

mcc_generated_files/mcc.c
		_OSCILLATOR_Initialize		CODE           	1B06	0000	15
		_SYSTEM_Initialize		CODE           	1B14	0000	15

mcc_generated_files/mcc.c estimated size: 30

mcc_generated_files/memory.c
		_DATAEE_WriteByte		CODE           	1BA2	0000	55
		_DATAEE_ReadByte		CODE           	1B32	0000	21

mcc_generated_files/memory.c estimated size: 76

main.c
		_main          		CODE           	1D84	0000	637
		_switchstate   		CODE           	1C6A	0000	283
		_normaloperation		CODE           	1C1C	0000	79
		_getvalues     		CODE           	1BD8	0000	69

main.c estimated size: 1068

