Microchip MPLAB XC8 Compiler V1.34 ()

Linker command line:

--edf=C:\Program Files (x86)\Microchip\xc8\v1.34\dat\en_msgs.txt -cs \
  -h+dist/default/production\MCU_Demo2.X.production.sym \
  --cmf=dist/default/production\MCU_Demo2.X.production.cmf -z -Q16F1619 \
  -oC:\Users\ARUN~1.KUM\AppData\Local\Temp\s32s.6 \
  -Mdist/default/production/MCU_Demo2.X.production.map -E1 -ver=XC8 \
  -ASTACK=0200Fh-023dfh -pstack=STACK -ACODE=00h-07FFhx4 \
  -ASTRCODE=00h-01FFFh -ASTRING=00h-0FFhx32 -ACONST=00h-0FFhx32 \
  -AENTRY=00h-0FFhx32 -ACOMMON=070h-07Fh -ABANK0=020h-06Fh \
  -ABANK1=0A0h-0EFh -ABANK2=0120h-016Fh -ABANK3=01A0h-01EFh \
  -ABANK4=0220h-026Fh -ABANK5=02A0h-02EFh -ABANK6=0320h-036Fh \
  -ABANK7=03A0h-03EFh -ABANK8=0420h-046Fh -ABANK9=04A0h-04EFh \
  -ABANK10=0520h-056Fh -ABANK11=05A0h-05EFh -ABANK12=0620h-063Fh \
  -ABIGRAM=02000h-023DFh \
  -ARAM=020h-06Fh,0A0h-0EFh,0120h-016Fh,01A0h-01EFh,0220h-026Fh,02A0h-02EFh,0320h-036Fh,03A0h-03EFh,0420h-046Fh,04A0h-04EFh,0520h-056Fh,05A0h-05EFh,0620h-063Fh \
  -AABS1=020h-07Fh,0A0h-0EFh,0120h-016Fh,01A0h-01EFh,0220h-026Fh,02A0h-02EFh,0320h-036Fh,03A0h-03EFh,0420h-046Fh,04A0h-04EFh,0520h-056Fh,05A0h-05EFh,0620h-063Fh \
  -ASFR0=00h-01Fh -ASFR1=080h-09Fh -ASFR2=0100h-011Fh -ASFR3=0180h-019Fh \
  -ASFR4=0200h-021Fh -ASFR5=0280h-029Fh -ASFR6=0300h-031Fh \
  -ASFR7=0380h-039Fh -ASFR8=0400h-041Fh -ASFR9=0480h-049Fh \
  -ASFR10=0500h-051Fh -ASFR11=0580h-059Fh -ASFR12=0600h-061Fh \
  -ASFR13=0680h-06EFh -ASFR14=0700h-076Fh -ASFR15=0780h-07EFh \
  -ASFR16=0800h-086Fh -ASFR17=0880h-08EFh -ASFR18=0900h-096Fh \
  -ASFR19=0980h-09EFh -ASFR20=0A00h-0A6Fh -ASFR21=0A80h-0AEFh \
  -ASFR22=0B00h-0B6Fh -ASFR23=0B80h-0BEFh -ASFR24=0C00h-0C6Fh \
  -ASFR25=0C80h-0CEFh -ASFR26=0D00h-0D6Fh -ASFR27=0D80h-0DEFh \
  -ASFR28=0E00h-0E6Fh -ASFR29=0E80h-0EEFh -ASFR30=0F00h-0F6Fh \
  -ASFR31=0F80h-0FEFh -preset_vec=00h,intentry,init,end_init -ppowerup=CODE \
  -pcinit=CODE -pfunctab=CODE -ACONFIG=08007h-08009h -pconfig=CONFIG \
  -DCONFIG=2 -AIDLOC=08000h-08003h -pidloc=IDLOC -DIDLOC=2 -DCODE=2 \
  -DSTRCODE=2 -DSTRING=2 -DCONST=2 -DENTRY=2 -k \
  C:\Users\ARUN~1.KUM\AppData\Local\Temp\s32s.obj \
  dist/default/production\MCU_Demo2.X.production.obj 

Object code version is 3.11

Machine type is 16F1619



                Name                               Link     Load   Length Selector   Space Scale
C:\Users\ARUN~1.KUM\AppData\Local\Temp\s32s.obj
                end_init                              2        2        2        0       0
                reset_vec                             0        0        2        0       0
                config                             8007     8007        3    1000E       0
dist/default/production\MCU_Demo2.X.production.obj
                cinit                               7F1      7F1        F      FE2       0
                text14                              59A      59A        D      B34       0
                text13                              5BD      5BD       1A      B7A       0
                text12                              5F4      5F4       25      BE8       0
                text11                              648      648       61      C90       0
                text10                              6A9      6A9       6A      D52       0
                text9                               619      619       2F      C32       0
                text8                               585      585        9      B0A       0
                text7                               569      569        5      AD2       0
                text6                               5A7      5A7       16      B4E       0
                text5                               56E      56E        5      ADC       0
                text4                               573      573        6      AE6       0
                text3                               5D7      5D7       1D      BAE       0
                text2                               579      579        6      AF2       0
                text1                               58E      58E        C      B1C       0
                maintext                            713      713       DE      E26       0
                cstackCOMMON                         70       70        9       70       1
                clrtext                             57F      57F        6      AFE       0
                bssBANK0                             20       20        E       20       1
                bssCOMMON                            79       79        5       70       1
                nvBANK0                              2E       2E        1       20       1
                stringtext                          800      800       59       10       0

TOTAL           Name                               Link     Load   Length     Space
        CLASS   STACK          

        CLASS   CODE           
                end_init                              2        2        2         0
                cinit                               7F1      7F1        F         0
                reset_vec                             0        0        2         0
                text14                              59A      59A        D         0
                text13                              5BD      5BD       1A         0
                text12                              5F4      5F4       25         0
                text11                              648      648       61         0
                text10                              6A9      6A9       6A         0
                text9                               619      619       2F         0
                text8                               585      585        9         0
                text7                               569      569        5         0
                text6                               5A7      5A7       16         0
                text5                               56E      56E        5         0
                text4                               573      573        6         0
                text3                               5D7      5D7       1D         0
                text2                               579      579        6         0
                text1                               58E      58E        C         0
                maintext                            713      713       DE         0
                clrtext                             57F      57F        6         0

        CLASS   STRCODE        
                stringtext                          800      800       59         0

        CLASS   STRING         

        CLASS   CONST          

        CLASS   ENTRY          

        CLASS   COMMON         
                cstackCOMMON                         70       70        9         1
                bssCOMMON                            79       79        5         1

        CLASS   BANK0          
                bssBANK0                             20       20        E         1
                nvBANK0                              2E       2E        1         1

        CLASS   BANK1          

        CLASS   BANK2          

        CLASS   BANK3          

        CLASS   BANK4          

        CLASS   BANK5          

        CLASS   BANK6          

        CLASS   BANK7          

        CLASS   BANK8          

        CLASS   BANK9          

        CLASS   BANK10         

        CLASS   BANK11         

        CLASS   BANK12         

        CLASS   BIGRAM         

        CLASS   RAM            

        CLASS   ABS1           
                abs_s1                               7E       7E        2         1

        CLASS   SFR0           

        CLASS   SFR1           

        CLASS   SFR2           

        CLASS   SFR3           

        CLASS   SFR4           

        CLASS   SFR5           

        CLASS   SFR6           

        CLASS   SFR7           

        CLASS   SFR8           

        CLASS   SFR9           

        CLASS   SFR10          

        CLASS   SFR11          

        CLASS   SFR12          

        CLASS   SFR13          

        CLASS   SFR14          

        CLASS   SFR15          

        CLASS   SFR16          

        CLASS   SFR17          

        CLASS   SFR18          

        CLASS   SFR19          

        CLASS   SFR20          

        CLASS   SFR21          

        CLASS   SFR22          

        CLASS   SFR23          

        CLASS   SFR24          

        CLASS   SFR25          

        CLASS   SFR26          

        CLASS   SFR27          

        CLASS   SFR28          

        CLASS   SFR29          

        CLASS   SFR30          

        CLASS   SFR31          

        CLASS   CONFIG         
                config                             8007     8007        3         0

        CLASS   IDLOC          

        CLASS   BANK31         

        CLASS   BANK30         

        CLASS   BANK29         

        CLASS   BANK28         

        CLASS   BANK27         

        CLASS   BANK26         

        CLASS   BANK25         

        CLASS   BANK24         

        CLASS   BANK23         

        CLASS   BANK22         

        CLASS   BANK21         

        CLASS   BANK20         

        CLASS   BANK19         

        CLASS   BANK18         

        CLASS   BANK17         

        CLASS   BANK16         

        CLASS   BANK15         

        CLASS   BANK14         

        CLASS   BANK13         

        CLASS   EEDATA         



SEGMENTS        Name                           Load    Length   Top    Selector   Space  Class     Delta

                reset_vec                      000000  000004  000004         0       0  CODE        2
                bssBANK0                       000020  00000F  00002F        20       1  BANK0       1
                cstackCOMMON                   000070  00000E  00007E        70       1  COMMON      1
                text7                          000569  000005  00056E       AD2       0  CODE        2
                text5                          00056E  000005  000573       ADC       0  CODE        2
                text4                          000573  000006  000579       AE6       0  CODE        2
                text2                          000579  000006  00057F       AF2       0  CODE        2
                clrtext                        00057F  000006  000585       AFE       0  CODE        2
                text8                          000585  000009  00058E       B0A       0  CODE        2
                text1                          00058E  00000C  00059A       B1C       0  CODE        2
                text14                         00059A  00000D  0005A7       B34       0  CODE        2
                text6                          0005A7  000016  0005BD       B4E       0  CODE        2
                text13                         0005BD  00001A  0005D7       B7A       0  CODE        2
                text3                          0005D7  00001D  0005F4       BAE       0  CODE        2
                text12                         0005F4  000025  000619       BE8       0  CODE        2
                text9                          000619  00002F  000648       C32       0  CODE        2
                text11                         000648  000061  0006A9       C90       0  CODE        2
                text10                         0006A9  00006A  000713       D52       0  CODE        2
                maintext                       000713  0000DE  0007F1       E26       0  CODE        2
                cinit                          0007F1  00000F  000800       FE2       0  CODE        2
                stringtext                     000800  000059  000859        10       0  STRCODE     2
                config                         008007  000003  00800A     1000E       0  CONFIG      2


UNUSED ADDRESS RANGES

        Name                Unused          Largest block    Delta
        BANK0            0002F-0006F              41           1
        BANK1            000A0-000EF              50           1
        BANK10           00520-0056F              50           1
        BANK11           005A0-005EF              50           1
        BANK12           00620-0063F              20           1
        BANK2            00120-0016F              50           1
        BANK3            001A0-001EF              50           1
        BANK4            00220-0026F              50           1
        BANK5            002A0-002EF              50           1
        BANK6            00320-0036F              50           1
        BANK7            003A0-003EF              50           1
        BANK8            00420-0046F              50           1
        BANK9            004A0-004EF              50           1
        BIGRAM           02000-023DF             3E0           1
        CODE             00004-00568             565           2
                         00859-01FFF             800
        CONST            00004-00568             100           2
                         00859-01FFF             100
        ENTRY            00004-00568             100           2
                         00859-01FFF             100
        IDLOC            08000-08003               4           2
        RAM              0002F-0006F              41           1
                         000A0-000EF              50
                         00120-0016F              50
                         001A0-001EF              50
                         00220-0026F              50
                         002A0-002EF              50
                         00320-0036F              50
                         003A0-003EF              50
                         00420-0046F              50
                         004A0-004EF              50
                         00520-0056F              50
                         005A0-005EF              50
                         00620-0063F              20
        SFR0             00000-0001F              20           1
        SFR1             00080-0009F              20           1
        SFR10            00500-0051F              20           1
        SFR11            00580-0059F              20           1
        SFR12            00600-0061F              20           1
        SFR13            00680-006EF              70           1
        SFR14            00700-0076F              70           1
        SFR15            00780-007EF              70           1
        SFR16            00800-0086F              70           1
        SFR17            00880-008EF              70           1
        SFR18            00900-0096F              70           1
        SFR19            00980-009EF              70           1
        SFR2             00100-0011F              20           1
        SFR20            00A00-00A6F              70           1
        SFR21            00A80-00AEF              70           1
        SFR22            00B00-00B6F              70           1
        SFR23            00B80-00BEF              70           1
        SFR24            00C00-00C6F              70           1
        SFR25            00C80-00CEF              70           1
        SFR26            00D00-00D6F              70           1
        SFR27            00D80-00DEF              70           1
        SFR28            00E00-00E6F              70           1
        SFR29            00E80-00EEF              70           1
        SFR3             00180-0019F              20           1
        SFR30            00F00-00F6F              70           1
        SFR31            00F80-00FEF              70           1
        SFR4             00200-0021F              20           1
        SFR5             00280-0029F              20           1
        SFR6             00300-0031F              20           1
        SFR7             00380-0039F              20           1
        SFR8             00400-0041F              20           1
        SFR9             00480-0049F              20           1
        STACK            0200F-023DF             3D1           1
        STRCODE          00004-00568             565           2
                         00859-01FFF            17A7
        STRING           00004-00568             100           2
                         00859-01FFF             100

                                  Symbol Table

ConfigureSSC@Id                   cstackCOMMON 00075
ConfigureSSC@ValueId              cstackCOMMON 00074
ConfigureShiftRegister@ReverseReg cstackCOMMON 00072
ConfigureShiftRegister@i          cstackCOMMON 00071
DAC1_SetOutput@inputData          cstackCOMMON 00070
SendBit@BitValue                  cstackCOMMON 00070
SendByte@ReverseValue             cstackCOMMON 00071
SendByte@i                        cstackCOMMON 00072
SendSlaveAddress@Id               cstackCOMMON 00071
SendSlaveAddress@ReverseReg       cstackCOMMON 00072
SendSlaveAddress@i                cstackCOMMON 00073
_ACTIVEBAND                       stringtext   00800
_ANSELA                           (abs)        0018C
_ANSELB                           (abs)        0018D
_ANSELC                           (abs)        0018E
_AntSel                           bssCOMMON    00079
_BandSel                          bssCOMMON    0007A
_Byte1                            nvBANK0      0002E
_Byte2                            bssCOMMON    0007B
_Byte3                            bssBANK0     00024
_CABandSel                        bssCOMMON    0007C
_COMMANDPARITY                    stringtext   00855
_ConfigureSSC                     text11       00648
_ConfigureShiftRegister           text10       006A9
_DAC1CON0                         (abs)        00118
_DAC1CON1                         (abs)        00119
_DAC1_Initialize                  text5        0056E
_DAC1_SetOutput                   text7        00569
_DACLEVEL                         stringtext   00851
_EnableLDOs                       text9        00619
_Fix_Initialize                   text8        00585
_GIE                              (abs)        0005F
_GenerateDACOut                   text6        005A7
_LATA                             (abs)        0010C
_LATA1                            (abs)        00861
_LATA2                            (abs)        00862
_LATA4                            (abs)        00864
_LATB                             (abs)        0010D
_LATB4                            (abs)        0086C
_LATB5                            (abs)        0086D
_LATB6                            (abs)        0086E
_LATB7                            (abs)        0086F
_LATC                             (abs)        0010E
_ODCONA                           (abs)        0028C
_ODCONB                           (abs)        0028D
_OPTION_REGbits                   (abs)        00095
_OSCCON                           (abs)        00099
_OSCILLATOR_Initialize            text4        00573
_OSCSTAT                          (abs)        0009A
_OSCTUNE                          (abs)        00098
_PARITY                           stringtext   00849
_PCONbits                         (abs)        00096
_PIN_MANAGER_Initialize           text3        005D7
_PORTC                            (abs)        0000E
_PwrLvl                           bssBANK0     00025
_SLAVEADDRESS                     stringtext   00857
_SYSTEM_Initialize                text1        0058E
_SendBit                          text14       0059A
_SendByte                         text13       005BD
_SendSlaveAddress                 text12       005F4
_TRISA                            (abs)        0008C
_TRISB                            (abs)        0008D
_TRISC                            (abs)        0008E
_TrxSel                           bssCOMMON    0007D
_VALUE                            stringtext   00840
_WDTCON0                          (abs)        00711
_WDTCON0bits                      (abs)        00711
_WDTCON1                          (abs)        00712
_WPUB                             (abs)        0020D
_WPUC                             (abs)        0020E
_WWDT_Initialize                  text2        00579
__CFG_BOREN$ON                    (abs)        00000
__CFG_BORV$LO                     (abs)        00000
__CFG_CLKOUTEN$OFF                (abs)        00000
__CFG_CP$OFF                      (abs)        00000
__CFG_FCMEN$ON                    (abs)        00000
__CFG_FOSC$INTOSC                 (abs)        00000
__CFG_IESO$ON                     (abs)        00000
__CFG_LPBOR$ON                    (abs)        00000
__CFG_LVP$ON                      (abs)        00000
__CFG_MCLRE$OFF                   (abs)        00000
__CFG_PLLEN$ON                    (abs)        00000
__CFG_PPS1WAY$ON                  (abs)        00000
__CFG_PWRTE$OFF                   (abs)        00000
__CFG_STVREN$ON                   (abs)        00000
__CFG_WDTCCS$MFINTOSC             (abs)        00000
__CFG_WDTCPS$WDTCPSE              (abs)        00000
__CFG_WDTCWS$WDTCWS100            (abs)        00000
__CFG_WDTE$SWDTEN                 (abs)        00000
__CFG_WRT$OFF                     (abs)        00000
__CFG_ZCD$OFF                     (abs)        00000
__Habs1                           abs1         00000
__Hbank0                          bank0        00000
__Hbank1                          bank1        00000
__Hbank10                         bank10       00000
__Hbank11                         bank11       00000
__Hbank12                         bank12       00000
__Hbank13                         bank13       00000
__Hbank14                         bank14       00000
__Hbank15                         bank15       00000
__Hbank16                         bank16       00000
__Hbank17                         bank17       00000
__Hbank18                         bank18       00000
__Hbank19                         bank19       00000
__Hbank2                          bank2        00000
__Hbank20                         bank20       00000
__Hbank21                         bank21       00000
__Hbank22                         bank22       00000
__Hbank23                         bank23       00000
__Hbank24                         bank24       00000
__Hbank25                         bank25       00000
__Hbank26                         bank26       00000
__Hbank27                         bank27       00000
__Hbank28                         bank28       00000
__Hbank29                         bank29       00000
__Hbank3                          bank3        00000
__Hbank30                         bank30       00000
__Hbank31                         bank31       00000
__Hbank4                          bank4        00000
__Hbank5                          bank5        00000
__Hbank6                          bank6        00000
__Hbank7                          bank7        00000
__Hbank8                          bank8        00000
__Hbank9                          bank9        00000
__Hbigram                         bigram       00000
__HbssBANK0                       bssBANK0     00000
__HbssCOMMON                      bssCOMMON    00000
__Hcinit                          cinit        00800
__Hclrtext                        clrtext      00000
__Hcode                           code         00000
__Hcommon                         common       00000
__Hconfig                         config       0800A
__HcstackCOMMON                   cstackCOMMON 00000
__Heeprom_data                    eeprom_data  00000
__Hend_init                       end_init     00004
__Hfunctab                        functab      00000
__Hidloc                          idloc        00000
__Hinit                           init         00002
__Hintentry                       intentry     00002
__Hmaintext                       maintext     00000
__HnvBANK0                        nvBANK0      00000
__Hpowerup                        powerup      00000
__Hram                            ram          00000
__Hreset_vec                      reset_vec    00002
__Hsfr0                           sfr0         00000
__Hsfr1                           sfr1         00000
__Hsfr10                          sfr10        00000
__Hsfr11                          sfr11        00000
__Hsfr12                          sfr12        00000
__Hsfr13                          sfr13        00000
__Hsfr14                          sfr14        00000
__Hsfr15                          sfr15        00000
__Hsfr16                          sfr16        00000
__Hsfr17                          sfr17        00000
__Hsfr18                          sfr18        00000
__Hsfr19                          sfr19        00000
__Hsfr2                           sfr2         00000
__Hsfr20                          sfr20        00000
__Hsfr21                          sfr21        00000
__Hsfr22                          sfr22        00000
__Hsfr23                          sfr23        00000
__Hsfr24                          sfr24        00000
__Hsfr25                          sfr25        00000
__Hsfr26                          sfr26        00000
__Hsfr27                          sfr27        00000
__Hsfr28                          sfr28        00000
__Hsfr29                          sfr29        00000
__Hsfr3                           sfr3         00000
__Hsfr30                          sfr30        00000
__Hsfr31                          sfr31        00000
__Hsfr4                           sfr4         00000
__Hsfr5                           sfr5         00000
__Hsfr6                           sfr6         00000
__Hsfr7                           sfr7         00000
__Hsfr8                           sfr8         00000
__Hsfr9                           sfr9         00000
__Hspace_0                        (abs)        0800A
__Hspace_1                        (abs)        0007E
__Hspace_2                        (abs)        00000
__Hspace_3                        (abs)        00000
__Hstack                          stack        00000
__Hstrings                        strings      00000
__Hstringtext                     stringtext   00000
__Htext                           text         00000
__Labs1                           abs1         00000
__Lbank0                          bank0        00000
__Lbank1                          bank1        00000
__Lbank10                         bank10       00000
__Lbank11                         bank11       00000
__Lbank12                         bank12       00000
__Lbank13                         bank13       00000
__Lbank14                         bank14       00000
__Lbank15                         bank15       00000
__Lbank16                         bank16       00000
__Lbank17                         bank17       00000
__Lbank18                         bank18       00000
__Lbank19                         bank19       00000
__Lbank2                          bank2        00000
__Lbank20                         bank20       00000
__Lbank21                         bank21       00000
__Lbank22                         bank22       00000
__Lbank23                         bank23       00000
__Lbank24                         bank24       00000
__Lbank25                         bank25       00000
__Lbank26                         bank26       00000
__Lbank27                         bank27       00000
__Lbank28                         bank28       00000
__Lbank29                         bank29       00000
__Lbank3                          bank3        00000
__Lbank30                         bank30       00000
__Lbank31                         bank31       00000
__Lbank4                          bank4        00000
__Lbank5                          bank5        00000
__Lbank6                          bank6        00000
__Lbank7                          bank7        00000
__Lbank8                          bank8        00000
__Lbank9                          bank9        00000
__Lbigram                         bigram       00000
__LbssBANK0                       bssBANK0     00000
__LbssCOMMON                      bssCOMMON    00000
__Lcinit                          cinit        007F1
__Lclrtext                        clrtext      00000
__Lcode                           code         00000
__Lcommon                         common       00000
__Lconfig                         config       08007
__LcstackCOMMON                   cstackCOMMON 00000
__Leeprom_data                    eeprom_data  00000
__Lend_init                       end_init     00002
__Lfunctab                        functab      00000
__Lidloc                          idloc        00000
__Linit                           init         00002
__Lintentry                       intentry     00002
__Lmaintext                       maintext     00000
__LnvBANK0                        nvBANK0      00000
__Lpowerup                        powerup      00000
__Lram                            ram          00000
__Lreset_vec                      reset_vec    00000
__Lsfr0                           sfr0         00000
__Lsfr1                           sfr1         00000
__Lsfr10                          sfr10        00000
__Lsfr11                          sfr11        00000
__Lsfr12                          sfr12        00000
__Lsfr13                          sfr13        00000
__Lsfr14                          sfr14        00000
__Lsfr15                          sfr15        00000
__Lsfr16                          sfr16        00000
__Lsfr17                          sfr17        00000
__Lsfr18                          sfr18        00000
__Lsfr19                          sfr19        00000
__Lsfr2                           sfr2         00000
__Lsfr20                          sfr20        00000
__Lsfr21                          sfr21        00000
__Lsfr22                          sfr22        00000
__Lsfr23                          sfr23        00000
__Lsfr24                          sfr24        00000
__Lsfr25                          sfr25        00000
__Lsfr26                          sfr26        00000
__Lsfr27                          sfr27        00000
__Lsfr28                          sfr28        00000
__Lsfr29                          sfr29        00000
__Lsfr3                           sfr3         00000
__Lsfr30                          sfr30        00000
__Lsfr31                          sfr31        00000
__Lsfr4                           sfr4         00000
__Lsfr5                           sfr5         00000
__Lsfr6                           sfr6         00000
__Lsfr7                           sfr7         00000
__Lsfr8                           sfr8         00000
__Lsfr9                           sfr9         00000
__Lspace_0                        (abs)        00000
__Lspace_1                        (abs)        00000
__Lspace_2                        (abs)        00000
__Lspace_3                        (abs)        00000
__Lstack                          stack        00000
__Lstrings                        strings      00000
__Lstringtext                     stringtext   00000
__Ltext                           text         00000
__S0                              (abs)        0800A
__S1                              (abs)        0007E
__S2                              (abs)        00000
___int_sp                         stack        00000
___latbits                        (abs)        00002
___sp                             stack        00000
__end_of_ACTIVEBAND               stringtext   00840
__end_of_COMMANDPARITY            stringtext   00857
__end_of_ConfigureSSC             text11       006A9
__end_of_ConfigureShiftRegister   text10       00713
__end_of_DAC1_Initialize          text5        00573
__end_of_DAC1_SetOutput           text7        0056E
__end_of_DACLEVEL                 stringtext   00855
__end_of_EnableLDOs               text9        00648
__end_of_Fix_Initialize           text8        0058E
__end_of_GenerateDACOut           text6        005BD
__end_of_OSCILLATOR_Initialize    text4        00579
__end_of_PARITY                   stringtext   00851
__end_of_PIN_MANAGER_Initialize   text3        005F4
__end_of_SLAVEADDRESS             stringtext   00859
__end_of_SYSTEM_Initialize        text1        0059A
__end_of_SendBit                  text14       005A7
__end_of_SendByte                 text13       005D7
__end_of_SendSlaveAddress         text12       00619
__end_of_VALUE                    stringtext   00849
__end_of_WWDT_Initialize          text2        0057F
__end_of__initialization          cinit        007FD
__end_of_main                     maintext     007F1
__initialization                  cinit        007F1
__pbssBANK0                       bssBANK0     00020
__pbssCOMMON                      bssCOMMON    00079
__pcstackCOMMON                   cstackCOMMON 00070
__pmaintext                       maintext     00713
__pnvBANK0                        nvBANK0      0002E
__pstringtext                     stringtext   00800
__ptext1                          text1        0058E
__ptext10                         text10       006A9
__ptext11                         text11       00648
__ptext12                         text12       005F4
__ptext13                         text13       005BD
__ptext14                         text14       0059A
__ptext2                          text2        00579
__ptext3                          text3        005D7
__ptext4                          text4        00573
__ptext5                          text5        0056E
__ptext6                          text6        005A7
__ptext7                          text7        00569
__ptext8                          text8        00585
__ptext9                          text9        00619
__size_of_ConfigureSSC            (abs)        00000
__size_of_ConfigureShiftRegister  (abs)        00000
__size_of_DAC1_Initialize         (abs)        00000
__size_of_DAC1_SetOutput          (abs)        00000
__size_of_EnableLDOs              (abs)        00000
__size_of_Fix_Initialize          (abs)        00000
__size_of_GenerateDACOut          (abs)        00000
__size_of_OSCILLATOR_Initialize   (abs)        00000
__size_of_PIN_MANAGER_Initialize  (abs)        00000
__size_of_SYSTEM_Initialize       (abs)        00000
__size_of_SendBit                 (abs)        00000
__size_of_SendByte                (abs)        00000
__size_of_SendSlaveAddress        (abs)        00000
__size_of_WWDT_Initialize         (abs)        00000
__size_of_main                    (abs)        00000
_main                             maintext     00713
btemp                             (abs)        0007E
clear_ram0                        clrtext      0057F
end_of_initialization             cinit        007FD
intlevel0                         functab      00000
intlevel1                         functab      00000
intlevel2                         functab      00000
intlevel3                         functab      00000
intlevel4                         functab      00000
intlevel5                         functab      00000
ltemp                             (abs)        0007E
ltemp0                            (abs)        0007E
ltemp1                            (abs)        00082
ltemp2                            (abs)        00086
ltemp3                            (abs)        00080
main@ValueId                      cstackCOMMON 00078
reset_vec                         reset_vec    00000
stackhi                           (abs)        023DF
stacklo                           (abs)        0200F
start                             init         00002
start_initialization              cinit        007F1
ttemp                             (abs)        0007E
ttemp0                            (abs)        0007E
ttemp1                            (abs)        00081
ttemp2                            (abs)        00084
ttemp3                            (abs)        00087
ttemp4                            (abs)        0007F
wtemp                             (abs)        0007E
wtemp0                            (abs)        0007E
wtemp1                            (abs)        00080
wtemp2                            (abs)        00082
wtemp3                            (abs)        00084
wtemp4                            (abs)        00086
wtemp5                            (abs)        00088
wtemp6                            (abs)        0007F


FUNCTION INFORMATION:

 *************** function _main *****************
 Defined at:
		line 261 in file "main.c"
 Parameters:    Size  Location     Type
		None
 Auto vars:     Size  Location     Type
  ValueId         1    8[COMMON] unsigned char 
 Return value:  Size  Location     Type
		None               void
 Registers used:
		wreg, fsr0l, fsr0h, status,2, status,0, pclath, cstack
 Tracked objects:
		On entry : 
		On exit  : 
		Unchanged: 
 Data sizes:     COMMON   BANK0   BANK1   BANK2   BANK3   BANK4   BANK5   BANK6   BANK7   BANK8   BANK9  BANK10  BANK11  BANK12
      Params:         0       0       0       0       0       0       0       0       0       0       0       0       0       0
      Locals:         1       0       0       0       0       0       0       0       0       0       0       0       0       0
      Temps:          2       0       0       0       0       0       0       0       0       0       0       0       0       0
      Totals:         3       0       0       0       0       0       0       0       0       0       0       0       0       0
Total ram usage:        3 bytes
 Hardware stack levels required when called:    2
 This function calls:
		_ConfigureSSC
		_ConfigureShiftRegister
		_EnableLDOs
		_Fix_Initialize
		_GenerateDACOut
		_SYSTEM_Initialize
 This function is called by:
		Startup code after reset
 This function uses a non-reentrant model


 *************** function _SYSTEM_Initialize *****************
 Defined at:
		line 77 in file "mcc_generated_files/mcc.c"
 Parameters:    Size  Location     Type
		None
 Auto vars:     Size  Location     Type
		None
 Return value:  Size  Location     Type
		None               void
 Registers used:
		wreg, status,2, status,0, pclath, cstack
 Tracked objects:
		On entry : 
		On exit  : 
		Unchanged: 
 Data sizes:     COMMON   BANK0   BANK1   BANK2   BANK3   BANK4   BANK5   BANK6   BANK7   BANK8   BANK9  BANK10  BANK11  BANK12
      Params:         0       0       0       0       0       0       0       0       0       0       0       0       0       0
      Locals:         0       0       0       0       0       0       0       0       0       0       0       0       0       0
      Temps:          0       0       0       0       0       0       0       0       0       0       0       0       0       0
      Totals:         0       0       0       0       0       0       0       0       0       0       0       0       0       0
Total ram usage:        0 bytes
 Hardware stack levels used:    1
 Hardware stack levels required when called:    1
 This function calls:
		_DAC1_Initialize
		_OSCILLATOR_Initialize
		_PIN_MANAGER_Initialize
		_WWDT_Initialize
 This function is called by:
		_main
 This function uses a non-reentrant model


 *************** function _WWDT_Initialize *****************
 Defined at:
		line 95 in file "mcc_generated_files/mcc.c"
 Parameters:    Size  Location     Type
		None
 Auto vars:     Size  Location     Type
		None
 Return value:  Size  Location     Type
		None               void
 Registers used:
		wreg
 Tracked objects:
		On entry : 
		On exit  : 
		Unchanged: 
 Data sizes:     COMMON   BANK0   BANK1   BANK2   BANK3   BANK4   BANK5   BANK6   BANK7   BANK8   BANK9  BANK10  BANK11  BANK12
      Params:         0       0       0       0       0       0       0       0       0       0       0       0       0       0
      Locals:         0       0       0       0       0       0       0       0       0       0       0       0       0       0
      Temps:          0       0       0       0       0       0       0       0       0       0       0       0       0       0
      Totals:         0       0       0       0       0       0       0       0       0       0       0       0       0       0
Total ram usage:        0 bytes
 Hardware stack levels used:    1
 This function calls:
		Nothing
 This function is called by:
		_SYSTEM_Initialize
 This function uses a non-reentrant model


 *************** function _PIN_MANAGER_Initialize *****************
 Defined at:
		line 50 in file "mcc_generated_files/pin_manager.c"
 Parameters:    Size  Location     Type
		None
 Auto vars:     Size  Location     Type
		None
 Return value:  Size  Location     Type
		None               void
 Registers used:
		wreg, status,2
 Tracked objects:
		On entry : 
		On exit  : 
		Unchanged: 
 Data sizes:     COMMON   BANK0   BANK1   BANK2   BANK3   BANK4   BANK5   BANK6   BANK7   BANK8   BANK9  BANK10  BANK11  BANK12
      Params:         0       0       0       0       0       0       0       0       0       0       0       0       0       0
      Locals:         0       0       0       0       0       0       0       0       0       0       0       0       0       0
      Temps:          0       0       0       0       0       0       0       0       0       0       0       0       0       0
      Totals:         0       0       0       0       0       0       0       0       0       0       0       0       0       0
Total ram usage:        0 bytes
 Hardware stack levels used:    1
 This function calls:
		Nothing
 This function is called by:
		_SYSTEM_Initialize
 This function uses a non-reentrant model


 *************** function _OSCILLATOR_Initialize *****************
 Defined at:
		line 84 in file "mcc_generated_files/mcc.c"
 Parameters:    Size  Location     Type
		None
 Auto vars:     Size  Location     Type
		None
 Return value:  Size  Location     Type
		None               void
 Registers used:
		wreg, status,2
 Tracked objects:
		On entry : 
		On exit  : 
		Unchanged: 
 Data sizes:     COMMON   BANK0   BANK1   BANK2   BANK3   BANK4   BANK5   BANK6   BANK7   BANK8   BANK9  BANK10  BANK11  BANK12
      Params:         0       0       0       0       0       0       0       0       0       0       0       0       0       0
      Locals:         0       0       0       0       0       0       0       0       0       0       0       0       0       0
      Temps:          0       0       0       0       0       0       0       0       0       0       0       0       0       0
      Totals:         0       0       0       0       0       0       0       0       0       0       0       0       0       0
Total ram usage:        0 bytes
 Hardware stack levels used:    1
 This function calls:
		Nothing
 This function is called by:
		_SYSTEM_Initialize
 This function uses a non-reentrant model


 *************** function _DAC1_Initialize *****************
 Defined at:
		line 58 in file "mcc_generated_files/dac1.c"
 Parameters:    Size  Location     Type
		None
 Auto vars:     Size  Location     Type
		None
 Return value:  Size  Location     Type
		None               void
 Registers used:
		wreg, status,2
 Tracked objects:
		On entry : 
		On exit  : 
		Unchanged: 
 Data sizes:     COMMON   BANK0   BANK1   BANK2   BANK3   BANK4   BANK5   BANK6   BANK7   BANK8   BANK9  BANK10  BANK11  BANK12
      Params:         0       0       0       0       0       0       0       0       0       0       0       0       0       0
      Locals:         0       0       0       0       0       0       0       0       0       0       0       0       0       0
      Temps:          0       0       0       0       0       0       0       0       0       0       0       0       0       0
      Totals:         0       0       0       0       0       0       0       0       0       0       0       0       0       0
Total ram usage:        0 bytes
 Hardware stack levels used:    1
 This function calls:
		Nothing
 This function is called by:
		_SYSTEM_Initialize
 This function uses a non-reentrant model


 *************** function _GenerateDACOut *****************
 Defined at:
		line 126 in file "main.c"
 Parameters:    Size  Location     Type
		None
 Auto vars:     Size  Location     Type
		None
 Return value:  Size  Location     Type
		None               void
 Registers used:
		wreg, fsr0l, fsr0h, status,2, status,0, pclath, cstack
 Tracked objects:
		On entry : 
		On exit  : 
		Unchanged: 
 Data sizes:     COMMON   BANK0   BANK1   BANK2   BANK3   BANK4   BANK5   BANK6   BANK7   BANK8   BANK9  BANK10  BANK11  BANK12
      Params:         0       0       0       0       0       0       0       0       0       0       0       0       0       0
      Locals:         0       0       0       0       0       0       0       0       0       0       0       0       0       0
      Temps:          0       0       0       0       0       0       0       0       0       0       0       0       0       0
      Totals:         0       0       0       0       0       0       0       0       0       0       0       0       0       0
Total ram usage:        0 bytes
 Hardware stack levels used:    1
 Hardware stack levels required when called:    1
 This function calls:
		_DAC1_SetOutput
 This function is called by:
		_main
 This function uses a non-reentrant model


 *************** function _DAC1_SetOutput *****************
 Defined at:
		line 65 in file "mcc_generated_files/dac1.c"
 Parameters:    Size  Location     Type
  inputData       1    wreg     unsigned char 
 Auto vars:     Size  Location     Type
  inputData       1    0[COMMON] unsigned char 
 Return value:  Size  Location     Type
		None               void
 Registers used:
		wreg
 Tracked objects:
		On entry : 
		On exit  : 
		Unchanged: 
 Data sizes:     COMMON   BANK0   BANK1   BANK2   BANK3   BANK4   BANK5   BANK6   BANK7   BANK8   BANK9  BANK10  BANK11  BANK12
      Params:         0       0       0       0       0       0       0       0       0       0       0       0       0       0
      Locals:         1       0       0       0       0       0       0       0       0       0       0       0       0       0
      Temps:          0       0       0       0       0       0       0       0       0       0       0       0       0       0
      Totals:         1       0       0       0       0       0       0       0       0       0       0       0       0       0
Total ram usage:        1 bytes
 Hardware stack levels used:    1
 This function calls:
		Nothing
 This function is called by:
		_GenerateDACOut
 This function uses a non-reentrant model


 *************** function _Fix_Initialize *****************
 Defined at:
		line 97 in file "main.c"
 Parameters:    Size  Location     Type
		None
 Auto vars:     Size  Location     Type
		None
 Return value:  Size  Location     Type
		None               void
 Registers used:
		wreg, status,2
 Tracked objects:
		On entry : 
		On exit  : 
		Unchanged: 
 Data sizes:     COMMON   BANK0   BANK1   BANK2   BANK3   BANK4   BANK5   BANK6   BANK7   BANK8   BANK9  BANK10  BANK11  BANK12
      Params:         0       0       0       0       0       0       0       0       0       0       0       0       0       0
      Locals:         0       0       0       0       0       0       0       0       0       0       0       0       0       0
      Temps:          0       0       0       0       0       0       0       0       0       0       0       0       0       0
      Totals:         0       0       0       0       0       0       0       0       0       0       0       0       0       0
Total ram usage:        0 bytes
 Hardware stack levels used:    1
 This function calls:
		Nothing
 This function is called by:
		_main
 This function uses a non-reentrant model


 *************** function _EnableLDOs *****************
 Defined at:
		line 106 in file "main.c"
 Parameters:    Size  Location     Type
		None
 Auto vars:     Size  Location     Type
		None
 Return value:  Size  Location     Type
		None               void
 Registers used:
		wreg, fsr0l, fsr0h, status,2, status,0
 Tracked objects:
		On entry : 
		On exit  : 
		Unchanged: 
 Data sizes:     COMMON   BANK0   BANK1   BANK2   BANK3   BANK4   BANK5   BANK6   BANK7   BANK8   BANK9  BANK10  BANK11  BANK12
      Params:         0       0       0       0       0       0       0       0       0       0       0       0       0       0
      Locals:         0       0       0       0       0       0       0       0       0       0       0       0       0       0
      Temps:          1       0       0       0       0       0       0       0       0       0       0       0       0       0
      Totals:         1       0       0       0       0       0       0       0       0       0       0       0       0       0
Total ram usage:        1 bytes
 Hardware stack levels used:    1
 This function calls:
		Nothing
 This function is called by:
		_main
 This function uses a non-reentrant model


 *************** function _ConfigureShiftRegister *****************
 Defined at:
		line 135 in file "main.c"
 Parameters:    Size  Location     Type
		None
 Auto vars:     Size  Location     Type
  ReverseReg      1    2[COMMON] unsigned char 
  i               1    1[COMMON] unsigned char 
 Return value:  Size  Location     Type
		None               void
 Registers used:
		wreg, status,2, status,0
 Tracked objects:
		On entry : 
		On exit  : 
		Unchanged: 
 Data sizes:     COMMON   BANK0   BANK1   BANK2   BANK3   BANK4   BANK5   BANK6   BANK7   BANK8   BANK9  BANK10  BANK11  BANK12
      Params:         0       0       0       0       0       0       0       0       0       0       0       0       0       0
      Locals:         2       0       0       0       0       0       0       0       0       0       0       0       0       0
      Temps:          1       0       0       0       0       0       0       0       0       0       0       0       0       0
      Totals:         3       0       0       0       0       0       0       0       0       0       0       0       0       0
Total ram usage:        3 bytes
 Hardware stack levels used:    1
 This function calls:
		Nothing
 This function is called by:
		_main
 This function uses a non-reentrant model


 *************** function _ConfigureSSC *****************
 Defined at:
		line 217 in file "main.c"
 Parameters:    Size  Location     Type
  Id              1    wreg     unsigned char 
  ValueId         1    4[COMMON] unsigned char 
 Auto vars:     Size  Location     Type
  Id              1    5[COMMON] unsigned char 
 Return value:  Size  Location     Type
		None               void
 Registers used:
		wreg, fsr0l, fsr0h, status,2, status,0, pclath, cstack
 Tracked objects:
		On entry : 
		On exit  : 
		Unchanged: 
 Data sizes:     COMMON   BANK0   BANK1   BANK2   BANK3   BANK4   BANK5   BANK6   BANK7   BANK8   BANK9  BANK10  BANK11  BANK12
      Params:         1       0       0       0       0       0       0       0       0       0       0       0       0       0
      Locals:         1       0       0       0       0       0       0       0       0       0       0       0       0       0
      Temps:          0       0       0       0       0       0       0       0       0       0       0       0       0       0
      Totals:         2       0       0       0       0       0       0       0       0       0       0       0       0       0
Total ram usage:        2 bytes
 Hardware stack levels used:    1
 Hardware stack levels required when called:    1
 This function calls:
		_SendBit
		_SendByte
		_SendSlaveAddress
 This function is called by:
		_main
 This function uses a non-reentrant model


 *************** function _SendSlaveAddress *****************
 Defined at:
		line 180 in file "main.c"
 Parameters:    Size  Location     Type
  Id              1    wreg     unsigned char 
 Auto vars:     Size  Location     Type
  Id              1    1[COMMON] unsigned char 
  i               1    3[COMMON] unsigned char 
  ReverseReg      1    2[COMMON] unsigned char 
 Return value:  Size  Location     Type
		None               void
 Registers used:
		wreg, fsr0l, fsr0h, status,2, status,0, pclath
 Tracked objects:
		On entry : 
		On exit  : 
		Unchanged: 
 Data sizes:     COMMON   BANK0   BANK1   BANK2   BANK3   BANK4   BANK5   BANK6   BANK7   BANK8   BANK9  BANK10  BANK11  BANK12
      Params:         0       0       0       0       0       0       0       0       0       0       0       0       0       0
      Locals:         3       0       0       0       0       0       0       0       0       0       0       0       0       0
      Temps:          1       0       0       0       0       0       0       0       0       0       0       0       0       0
      Totals:         4       0       0       0       0       0       0       0       0       0       0       0       0       0
Total ram usage:        4 bytes
 Hardware stack levels used:    1
 This function calls:
		Nothing
 This function is called by:
		_ConfigureSSC
 This function uses a non-reentrant model


 *************** function _SendByte *****************
 Defined at:
		line 195 in file "main.c"
 Parameters:    Size  Location     Type
  ReverseValue    1    wreg     unsigned char 
 Auto vars:     Size  Location     Type
  ReverseValue    1    1[COMMON] unsigned char 
  i               1    2[COMMON] unsigned char 
 Return value:  Size  Location     Type
		None               void
 Registers used:
		wreg, status,2, status,0
 Tracked objects:
		On entry : 
		On exit  : 
		Unchanged: 
 Data sizes:     COMMON   BANK0   BANK1   BANK2   BANK3   BANK4   BANK5   BANK6   BANK7   BANK8   BANK9  BANK10  BANK11  BANK12
      Params:         0       0       0       0       0       0       0       0       0       0       0       0       0       0
      Locals:         2       0       0       0       0       0       0       0       0       0       0       0       0       0
      Temps:          1       0       0       0       0       0       0       0       0       0       0       0       0       0
      Totals:         3       0       0       0       0       0       0       0       0       0       0       0       0       0
Total ram usage:        3 bytes
 Hardware stack levels used:    1
 This function calls:
		Nothing
 This function is called by:
		_ConfigureSSC
 This function uses a non-reentrant model


 *************** function _SendBit *****************
 Defined at:
		line 208 in file "main.c"
 Parameters:    Size  Location     Type
  BitValue        1    wreg     unsigned char 
 Auto vars:     Size  Location     Type
  BitValue        1    0[COMMON] unsigned char 
 Return value:  Size  Location     Type
		None               void
 Registers used:
		wreg
 Tracked objects:
		On entry : 
		On exit  : 
		Unchanged: 
 Data sizes:     COMMON   BANK0   BANK1   BANK2   BANK3   BANK4   BANK5   BANK6   BANK7   BANK8   BANK9  BANK10  BANK11  BANK12
      Params:         0       0       0       0       0       0       0       0       0       0       0       0       0       0
      Locals:         1       0       0       0       0       0       0       0       0       0       0       0       0       0
      Temps:          0       0       0       0       0       0       0       0       0       0       0       0       0       0
      Totals:         1       0       0       0       0       0       0       0       0       0       0       0       0       0
Total ram usage:        1 bytes
 Hardware stack levels used:    1
 This function calls:
		Nothing
 This function is called by:
		_ConfigureSSC
 This function uses a non-reentrant model



MODULE INFORMATION

Module		Function		Class		Link	Load	Size
mcc_generated_files/pin_manager.c
		_PIN_MANAGER_In		CODE           	05D7	0000	30

mcc_generated_files/pin_manager.c estimated size: 30

shared
		_ACTIVEBAND    		STRCODE        	0800	0000	65
		_PARITY        		STRCODE        	0849	0000	9
		_COMMANDPARITY 		STRCODE        	0855	0000	3
		__initializatio		CODE           	07F1	0000	13
		_DACLEVEL      		STRCODE        	0851	0000	5
		_VALUE         		STRCODE        	0840	0000	10
		_SLAVEADDRESS  		STRCODE        	0857	0000	3

shared estimated size: 108

mcc_generated_files/mcc.c
		_OSCILLATOR_Ini		CODE           	0573	0000	7
		_SYSTEM_Initial		CODE           	058E	0000	13
		_WWDT_Initializ		CODE           	0579	0000	7

mcc_generated_files/mcc.c estimated size: 27

mcc_generated_files/dac1.c
		_DAC1_SetOutput		CODE           	0569	0000	6
		_DAC1_Initializ		CODE           	056E	0000	6

mcc_generated_files/dac1.c estimated size: 12

main.c
		_SendByte      		CODE           	05BD	0000	27
		_main          		CODE           	0713	0000	223
		_Fix_Initialize		CODE           	0585	0000	10
		_EnableLDOs    		CODE           	0619	0000	48
		_GenerateDACOut		CODE           	05A7	0000	23
		_ConfigureShift		CODE           	06A9	0000	107
		_ConfigureSSC  		CODE           	0648	0000	98
		_SendBit       		CODE           	059A	0000	14
		_SendSlaveAddre		CODE           	05F4	0000	38

main.c estimated size: 588

